
        /'___\  /'___\           /'___\       
       /\ \__/ /\ \__/  __  __  /\ \__/       
       \ \ ,__\\ \ ,__\/\ \/\ \ \ \ ,__\      
        \ \ \_/ \ \ \_/\ \ \_\ \ \ \ \_/      
         \ \_\   \ \_\  \ \____/  \ \_\       
          \/_/    \/_/   \/___/    \/_/       

       v2.1.0-dev
________________________________________________

 :: Method           : GET
 :: URL              : https://warrantyindia.com/FUZZ
 :: Wordlist         : FUZZ: /usr/share/wordlists/dirb/common.txt
 :: Follow redirects : false
 :: Calibration      : false
 :: Timeout          : 10
 :: Threads          : 50
 :: Matcher          : Response status: 200-299,301,302,307,401,403,405,500
________________________________________________


[2K:: Progress: [0/4614] :: Job [1/1] :: 0 req/sec :: Duration: [0:00:00] :: Errors: 0 ::
[2K:: Progress: [6/4614] :: Job [1/1] :: 0 req/sec :: Duration: [0:00:00] :: Errors: 0 ::
[2K:: Progress: [7/4614] :: Job [1/1] :: 0 req/sec :: Duration: [0:00:00] :: Errors: 0 ::
[2K:: Progress: [12/4614] :: Job [1/1] :: 0 req/sec :: Duration: [0:00:00] :: Errors: 0 ::
[2K:: Progress: [17/4614] :: Job [1/1] :: 0 req/sec :: Duration: [0:00:00] :: Errors: 0 ::
[2K:: Progress: [19/4614] :: Job [1/1] :: 0 req/sec :: Duration: [0:00:00] :: Errors: 0 ::
[2K:: Progress: [19/4614] :: Job [1/1] :: 0 req/sec :: Duration: [0:00:00] :: Errors: 0 ::
[2K:: Progress: [25/4614] :: Job [1/1] :: 0 req/sec :: Duration: [0:00:00] :: Errors: 0 ::
[2K:: Progress: [31/4614] :: Job [1/1] :: 0 req/sec :: Duration: [0:00:00] :: Errors: 0 ::
[2K:: Progress: [37/4614] :: Job [1/1] :: 0 req/sec :: Duration: [0:00:00] :: Errors: 0 ::
[2K:: Progress: [44/4614] :: Job [1/1] :: 0 req/sec :: Duration: [0:00:00] :: Errors: 0 ::
[2K:: Progress: [50/4614] :: Job [1/1] :: 36 req/sec :: Duration: [0:00:01] :: Errors: 0 ::
[2K:: Progress: [56/4614] :: Job [1/1] :: 28 req/sec :: Duration: [0:00:01] :: Errors: 0 ::
[2K:: Progress: [63/4614] :: Job [1/1] :: 26 req/sec :: Duration: [0:00:01] :: Errors: 0 ::
[2K:: Progress: [69/4614] :: Job [1/1] :: 25 req/sec :: Duration: [0:00:01] :: Errors: 0 ::
[2K:: Progress: [75/4614] :: Job [1/1] :: 29 req/sec :: Duration: [0:00:01] :: Errors: 0 ::
[2K:: Progress: [81/4614] :: Job [1/1] :: 33 req/sec :: Duration: [0:00:01] :: Errors: 0 ::
[2K:: Progress: [88/4614] :: Job [1/1] :: 37 req/sec :: Duration: [0:00:01] :: Errors: 0 ::
[2K:: Progress: [94/4614] :: Job [1/1] :: 40 req/sec :: Duration: [0:00:01] :: Errors: 0 ::
[2K:: Progress: [100/4614] :: Job [1/1] :: 41 req/sec :: Duration: [0:00:02] :: Errors: 0 ::
[2K:: Progress: [107/4614] :: Job [1/1] :: 42 req/sec :: Duration: [0:00:02] :: Errors: 0 ::
[2K:: Progress: [113/4614] :: Job [1/1] :: 44 req/sec :: Duration: [0:00:02] :: Errors: 0 ::
[2K:: Progress: [119/4614] :: Job [1/1] :: 46 req/sec :: Duration: [0:00:02] :: Errors: 0 ::
[2K:: Progress: [126/4614] :: Job [1/1] :: 51 req/sec :: Duration: [0:00:02] :: Errors: 0 ::
[2K:: Progress: [132/4614] :: Job [1/1] :: 51 req/sec :: Duration: [0:00:02] :: Errors: 0 ::
[2K:: Progress: [138/4614] :: Job [1/1] :: 51 req/sec :: Duration: [0:00:02] :: Errors: 0 ::
[2K:: Progress: [144/4614] :: Job [1/1] :: 51 req/sec :: Duration: [0:00:02] :: Errors: 0 ::
[2K:: Progress: [151/4614] :: Job [1/1] :: 51 req/sec :: Duration: [0:00:03] :: Errors: 0 ::
[2K:: Progress: [157/4614] :: Job [1/1] :: 51 req/sec :: Duration: [0:00:03] :: Errors: 0 ::
[2K:: Progress: [163/4614] :: Job [1/1] :: 50 req/sec :: Duration: [0:00:03] :: Errors: 0 ::
[2K:: Progress: [169/4614] :: Job [1/1] :: 50 req/sec :: Duration: [0:00:03] :: Errors: 0 ::
[2K:: Progress: [175/4614] :: Job [1/1] :: 51 req/sec :: Duration: [0:00:03] :: Errors: 0 ::
[2K:: Progress: [182/4614] :: Job [1/1] :: 50 req/sec :: Duration: [0:00:03] :: Errors: 0 ::
[2K:: Progress: [189/4614] :: Job [1/1] :: 50 req/sec :: Duration: [0:00:03] :: Errors: 0 ::
[2K:: Progress: [195/4614] :: Job [1/1] :: 50 req/sec :: Duration: [0:00:03] :: Errors: 0 ::
[2K:: Progress: [201/4614] :: Job [1/1] :: 50 req/sec :: Duration: [0:00:04] :: Errors: 0 ::
[2K:: Progress: [208/4614] :: Job [1/1] :: 50 req/sec :: Duration: [0:00:04] :: Errors: 0 ::
[2K:: Progress: [214/4614] :: Job [1/1] :: 50 req/sec :: Duration: [0:00:04] :: Errors: 0 ::
[2K:: Progress: [220/4614] :: Job [1/1] :: 50 req/sec :: Duration: [0:00:04] :: Errors: 0 ::
[2K:: Progress: [227/4614] :: Job [1/1] :: 50 req/sec :: Duration: [0:00:04] :: Errors: 0 ::
[2K:: Progress: [233/4614] :: Job [1/1] :: 50 req/sec :: Duration: [0:00:04] :: Errors: 0 ::
[2K:: Progress: [239/4614] :: Job [1/1] :: 50 req/sec :: Duration: [0:00:04] :: Errors: 0 ::
[2K:: Progress: [245/4614] :: Job [1/1] :: 50 req/sec :: Duration: [0:00:04] :: Errors: 0 ::
[2K:: Progress: [252/4614] :: Job [1/1] :: 50 req/sec :: Duration: [0:00:05] :: Errors: 0 ::
[2K:: Progress: [255/4614] :: Job [1/1] :: 50 req/sec :: Duration: [0:00:05] :: Errors: 0 ::
[2K:: Progress: [258/4614] :: Job [1/1] :: 50 req/sec :: Duration: [0:00:05] :: Errors: 0 ::
[2K:: Progress: [264/4614] :: Job [1/1] :: 51 req/sec :: Duration: [0:00:05] :: Errors: 0 ::
[2K:: Progress: [271/4614] :: Job [1/1] :: 50 req/sec :: Duration: [0:00:05] :: Errors: 0 ::
[2K:: Progress: [277/4614] :: Job [1/1] :: 52 req/sec :: Duration: [0:00:05] :: Errors: 0 ::
[2K:: Progress: [283/4614] :: Job [1/1] :: 57 req/sec :: Duration: [0:00:05] :: Errors: 0 ::
[2K:: Progress: [289/4614] :: Job [1/1] :: 57 req/sec :: Duration: [0:00:05] :: Errors: 0 ::
[2K:: Progress: [289/4614] :: Job [1/1] :: 58 req/sec :: Duration: [0:00:05] :: Errors: 0 ::
[2K:: Progress: [296/4614] :: Job [1/1] :: 58 req/sec :: Duration: [0:00:05] :: Errors: 0 ::
[2K:: Progress: [302/4614] :: Job [1/1] :: 57 req/sec :: Duration: [0:00:06] :: Errors: 0 ::
[2K:: Progress: [308/4614] :: Job [1/1] :: 56 req/sec :: Duration: [0:00:06] :: Errors: 0 ::
[2K:: Progress: [315/4614] :: Job [1/1] :: 55 req/sec :: Duration: [0:00:06] :: Errors: 0 ::
[2K:: Progress: [321/4614] :: Job [1/1] :: 55 req/sec :: Duration: [0:00:06] :: Errors: 0 ::
[2K:: Progress: [327/4614] :: Job [1/1] :: 55 req/sec :: Duration: [0:00:06] :: Errors: 0 ::
[2K:: Progress: [333/4614] :: Job [1/1] :: 54 req/sec :: Duration: [0:00:06] :: Errors: 0 ::
[2K:: Progress: [340/4614] :: Job [1/1] :: 54 req/sec :: Duration: [0:00:06] :: Errors: 0 ::
[2K:: Progress: [346/4614] :: Job [1/1] :: 53 req/sec :: Duration: [0:00:06] :: Errors: 0 ::
[2K:: Progress: [352/4614] :: Job [1/1] :: 52 req/sec :: Duration: [0:00:07] :: Errors: 0 ::
[2K:: Progress: [359/4614] :: Job [1/1] :: 52 req/sec :: Duration: [0:00:07] :: Errors: 0 ::
[2K:: Progress: [365/4614] :: Job [1/1] :: 51 req/sec :: Duration: [0:00:07] :: Errors: 0 ::
[2K:: Progress: [371/4614] :: Job [1/1] :: 50 req/sec :: Duration: [0:00:07] :: Errors: 0 ::
[2K:: Progress: [378/4614] :: Job [1/1] :: 50 req/sec :: Duration: [0:00:07] :: Errors: 0 ::
[2K:: Progress: [384/4614] :: Job [1/1] :: 50 req/sec :: Duration: [0:00:07] :: Errors: 0 ::
[2K:: Progress: [390/4614] :: Job [1/1] :: 50 req/sec :: Duration: [0:00:07] :: Errors: 0 ::
[2K:: Progress: [396/4614] :: Job [1/1] :: 50 req/sec :: Duration: [0:00:07] :: Errors: 0 ::
[2K:: Progress: [403/4614] :: Job [1/1] :: 50 req/sec :: Duration: [0:00:08] :: Errors: 0 ::
[2K:: Progress: [409/4614] :: Job [1/1] :: 50 req/sec :: Duration: [0:00:08] :: Errors: 0 ::
[2K:: Progress: [415/4614] :: Job [1/1] :: 50 req/sec :: Duration: [0:00:08] :: Errors: 0 ::
[2K:: Progress: [421/4614] :: Job [1/1] :: 51 req/sec :: Duration: [0:00:08] :: Errors: 0 ::
[2K:: Progress: [428/4614] :: Job [1/1] :: 51 req/sec :: Duration: [0:00:08] :: Errors: 0 ::
[2K:: Progress: [430/4614] :: Job [1/1] :: 50 req/sec :: Duration: [0:00:08] :: Errors: 0 ::
[2K:: Progress: [432/4614] :: Job [1/1] :: 50 req/sec :: Duration: [0:00:08] :: Errors: 0 ::
[2K:: Progress: [434/4614] :: Job [1/1] :: 50 req/sec :: Duration: [0:00:08] :: Errors: 0 ::
[2K:: Progress: [440/4614] :: Job [1/1] :: 50 req/sec :: Duration: [0:00:08] :: Errors: 0 ::
[2K:: Progress: [447/4614] :: Job [1/1] :: 50 req/sec :: Duration: [0:00:08] :: Errors: 0 ::
[2K:: Progress: [453/4614] :: Job [1/1] :: 50 req/sec :: Duration: [0:00:09] :: Errors: 0 ::
[2K:: Progress: [459/4614] :: Job [1/1] :: 49 req/sec :: Duration: [0:00:09] :: Errors: 0 ::
[2K:: Progress: [465/4614] :: Job [1/1] :: 49 req/sec :: Duration: [0:00:09] :: Errors: 0 ::
[2K:: Progress: [472/4614] :: Job [1/1] :: 49 req/sec :: Duration: [0:00:09] :: Errors: 0 ::
[2K:: Progress: [478/4614] :: Job [1/1] :: 50 req/sec :: Duration: [0:00:09] :: Errors: 0 ::
[2K:: Progress: [484/4614] :: Job [1/1] :: 50 req/sec :: Duration: [0:00:09] :: Errors: 0 ::
[2K:: Progress: [491/4614] :: Job [1/1] :: 49 req/sec :: Duration: [0:00:09] :: Errors: 0 ::
[2K:: Progress: [497/4614] :: Job [1/1] :: 50 req/sec :: Duration: [0:00:09] :: Errors: 0 ::
[2K:: Progress: [503/4614] :: Job [1/1] :: 49 req/sec :: Duration: [0:00:10] :: Errors: 0 ::
[2K:: Progress: [504/4614] :: Job [1/1] :: 49 req/sec :: Duration: [0:00:10] :: Errors: 0 ::
[2K:: Progress: [509/4614] :: Job [1/1] :: 50 req/sec :: Duration: [0:00:10] :: Errors: 0 ::
[2K:: Progress: [516/4614] :: Job [1/1] :: 49 req/sec :: Duration: [0:00:10] :: Errors: 0 ::
[2K:: Progress: [522/4614] :: Job [1/1] :: 50 req/sec :: Duration: [0:00:10] :: Errors: 0 ::
[2K:: Progress: [528/4614] :: Job [1/1] :: 50 req/sec :: Duration: [0:00:10] :: Errors: 0 ::
[2K:: Progress: [534/4614] :: Job [1/1] :: 50 req/sec :: Duration: [0:00:10] :: Errors: 0 ::
[2K:: Progress: [541/4614] :: Job [1/1] :: 50 req/sec :: Duration: [0:00:10] :: Errors: 0 ::
[2K:: Progress: [547/4614] :: Job [1/1] :: 50 req/sec :: Duration: [0:00:10] :: Errors: 0 ::
[2K:: Progress: [553/4614] :: Job [1/1] :: 50 req/sec :: Duration: [0:00:11] :: Errors: 0 ::
[2K:: Progress: [560/4614] :: Job [1/1] :: 50 req/sec :: Duration: [0:00:11] :: Errors: 0 ::
[2K:: Progress: [566/4614] :: Job [1/1] :: 49 req/sec :: Duration: [0:00:11] :: Errors: 0 ::
[2K:: Progress: [572/4614] :: Job [1/1] :: 49 req/sec :: Duration: [0:00:11] :: Errors: 0 ::
[2K:: Progress: [578/4614] :: Job [1/1] :: 49 req/sec :: Duration: [0:00:11] :: Errors: 0 ::
[2K:: Progress: [585/4614] :: Job [1/1] :: 50 req/sec :: Duration: [0:00:11] :: Errors: 0 ::
[2K:: Progress: [591/4614] :: Job [1/1] :: 49 req/sec :: Duration: [0:00:11] :: Errors: 0 ::
[2K:: Progress: [597/4614] :: Job [1/1] :: 50 req/sec :: Duration: [0:00:11] :: Errors: 0 ::
[2K:: Progress: [604/4614] :: Job [1/1] :: 50 req/sec :: Duration: [0:00:12] :: Errors: 0 ::
[2K:: Progress: [610/4614] :: Job [1/1] :: 50 req/sec :: Duration: [0:00:12] :: Errors: 0 ::
[2K:: Progress: [616/4614] :: Job [1/1] :: 49 req/sec :: Duration: [0:00:12] :: Errors: 0 ::
[2K:: Progress: [623/4614] :: Job [1/1] :: 49 req/sec :: Duration: [0:00:12] :: Errors: 0 ::
[2K:: Progress: [629/4614] :: Job [1/1] :: 49 req/sec :: Duration: [0:00:12] :: Errors: 0 ::
[2K:: Progress: [635/4614] :: Job [1/1] :: 50 req/sec :: Duration: [0:00:12] :: Errors: 0 ::
[2K:: Progress: [641/4614] :: Job [1/1] :: 50 req/sec :: Duration: [0:00:12] :: Errors: 0 ::
[2K:: Progress: [648/4614] :: Job [1/1] :: 50 req/sec :: Duration: [0:00:12] :: Errors: 0 ::
[2K:: Progress: [654/4614] :: Job [1/1] :: 50 req/sec :: Duration: [0:00:13] :: Errors: 0 ::
[2K:: Progress: [660/4614] :: Job [1/1] :: 50 req/sec :: Duration: [0:00:13] :: Errors: 0 ::
[2K:: Progress: [667/4614] :: Job [1/1] :: 49 req/sec :: Duration: [0:00:13] :: Errors: 0 ::
[2K:: Progress: [673/4614] :: Job [1/1] :: 49 req/sec :: Duration: [0:00:13] :: Errors: 0 ::
[2K:: Progress: [679/4614] :: Job [1/1] :: 50 req/sec :: Duration: [0:00:13] :: Errors: 0 ::
[2K:: Progress: [686/4614] :: Job [1/1] :: 49 req/sec :: Duration: [0:00:13] :: Errors: 0 ::
[2K:: Progress: [692/4614] :: Job [1/1] :: 50 req/sec :: Duration: [0:00:13] :: Errors: 0 ::
[2K:: Progress: [698/4614] :: Job [1/1] :: 50 req/sec :: Duration: [0:00:13] :: Errors: 0 ::
[2K:: Progress: [704/4614] :: Job [1/1] :: 50 req/sec :: Duration: [0:00:14] :: Errors: 0 ::
[2K:: Progress: [711/4614] :: Job [1/1] :: 50 req/sec :: Duration: [0:00:14] :: Errors: 0 ::
[2K:: Progress: [717/4614] :: Job [1/1] :: 50 req/sec :: Duration: [0:00:14] :: Errors: 0 ::
[2K:: Progress: [723/4614] :: Job [1/1] :: 50 req/sec :: Duration: [0:00:14] :: Errors: 0 ::
[2K:: Progress: [729/4614] :: Job [1/1] :: 50 req/sec :: Duration: [0:00:14] :: Errors: 0 ::
[2K:: Progress: [736/4614] :: Job [1/1] :: 43 req/sec :: Duration: [0:00:14] :: Errors: 0 ::
[2K:: Progress: [742/4614] :: Job [1/1] :: 43 req/sec :: Duration: [0:00:14] :: Errors: 0 ::
[2K:: Progress: [748/4614] :: Job [1/1] :: 44 req/sec :: Duration: [0:00:14] :: Errors: 0 ::
[2K:: Progress: [755/4614] :: Job [1/1] :: 44 req/sec :: Duration: [0:00:15] :: Errors: 0 ::
[2K:: Progress: [761/4614] :: Job [1/1] :: 43 req/sec :: Duration: [0:00:15] :: Errors: 0 ::
[2K:: Progress: [767/4614] :: Job [1/1] :: 43 req/sec :: Duration: [0:00:15] :: Errors: 0 ::
[2K:: Progress: [773/4614] :: Job [1/1] :: 44 req/sec :: Duration: [0:00:15] :: Errors: 0 ::
[2K:: Progress: [780/4614] :: Job [1/1] :: 43 req/sec :: Duration: [0:00:15] :: Errors: 0 ::
[2K:: Progress: [786/4614] :: Job [1/1] :: 43 req/sec :: Duration: [0:00:15] :: Errors: 0 ::
[2K:: Progress: [792/4614] :: Job [1/1] :: 43 req/sec :: Duration: [0:00:15] :: Errors: 0 ::
[2K:: Progress: [799/4614] :: Job [1/1] :: 43 req/sec :: Duration: [0:00:15] :: Errors: 0 ::
[2K:: Progress: [805/4614] :: Job [1/1] :: 43 req/sec :: Duration: [0:00:16] :: Errors: 0 ::
[2K:: Progress: [811/4614] :: Job [1/1] :: 43 req/sec :: Duration: [0:00:16] :: Errors: 0 ::
[2K:: Progress: [817/4614] :: Job [1/1] :: 43 req/sec :: Duration: [0:00:16] :: Errors: 0 ::
[2K:: Progress: [822/4614] :: Job [1/1] :: 43 req/sec :: Duration: [0:00:16] :: Errors: 0 ::
[2K:: Progress: [824/4614] :: Job [1/1] :: 43 req/sec :: Duration: [0:00:16] :: Errors: 0 ::
[2K:: Progress: [824/4614] :: Job [1/1] :: 43 req/sec :: Duration: [0:00:16] :: Errors: 0 ::
[2K:: Progress: [830/4614] :: Job [1/1] :: 44 req/sec :: Duration: [0:00:16] :: Errors: 0 ::
[2K:: Progress: [834/4614] :: Job [1/1] :: 43 req/sec :: Duration: [0:00:16] :: Errors: 0 ::
[2K:: Progress: [836/4614] :: Job [1/1] :: 43 req/sec :: Duration: [0:00:16] :: Errors: 0 ::
[2K:: Progress: [843/4614] :: Job [1/1] :: 44 req/sec :: Duration: [0:00:16] :: Errors: 0 ::
[2K:: Progress: [849/4614] :: Job [1/1] :: 43 req/sec :: Duration: [0:00:16] :: Errors: 0 ::
[2K:: Progress: [855/4614] :: Job [1/1] :: 43 req/sec :: Duration: [0:00:17] :: Errors: 0 ::
[2K:: Progress: [861/4614] :: Job [1/1] :: 43 req/sec :: Duration: [0:00:17] :: Errors: 0 ::
[2K:: Progress: [868/4614] :: Job [1/1] :: 43 req/sec :: Duration: [0:00:17] :: Errors: 0 ::
[2K:: Progress: [874/4614] :: Job [1/1] :: 44 req/sec :: Duration: [0:00:17] :: Errors: 0 ::
[2K:: Progress: [880/4614] :: Job [1/1] :: 44 req/sec :: Duration: [0:00:17] :: Errors: 0 ::
[2K:: Progress: [887/4614] :: Job [1/1] :: 44 req/sec :: Duration: [0:00:17] :: Errors: 0 ::
[2K:: Progress: [893/4614] :: Job [1/1] :: 43 req/sec :: Duration: [0:00:17] :: Errors: 0 ::
[2K:: Progress: [899/4614] :: Job [1/1] :: 43 req/sec :: Duration: [0:00:17] :: Errors: 0 ::
[2K:: Progress: [905/4614] :: Job [1/1] :: 44 req/sec :: Duration: [0:00:18] :: Errors: 0 ::
[2K:: Progress: [912/4614] :: Job [1/1] :: 44 req/sec :: Duration: [0:00:18] :: Errors: 0 ::
[2K:: Progress: [918/4614] :: Job [1/1] :: 44 req/sec :: Duration: [0:00:18] :: Errors: 0 ::
[2K:: Progress: [924/4614] :: Job [1/1] :: 43 req/sec :: Duration: [0:00:18] :: Errors: 0 ::
[2K:: Progress: [931/4614] :: Job [1/1] :: 43 req/sec :: Duration: [0:00:18] :: Errors: 0 ::
[2K:: Progress: [937/4614] :: Job [1/1] :: 44 req/sec :: Duration: [0:00:18] :: Errors: 0 ::
[2K:: Progress: [943/4614] :: Job [1/1] :: 43 req/sec :: Duration: [0:00:18] :: Errors: 0 ::
[2K:: Progress: [950/4614] :: Job [1/1] :: 43 req/sec :: Duration: [0:00:18] :: Errors: 0 ::
[2K:: Progress: [956/4614] :: Job [1/1] :: 44 req/sec :: Duration: [0:00:19] :: Errors: 0 ::
[2K:: Progress: [962/4614] :: Job [1/1] :: 43 req/sec :: Duration: [0:00:19] :: Errors: 0 ::
[2K:: Progress: [969/4614] :: Job [1/1] :: 43 req/sec :: Duration: [0:00:19] :: Errors: 0 ::
[2K:: Progress: [975/4614] :: Job [1/1] :: 43 req/sec :: Duration: [0:00:19] :: Errors: 0 ::
[2K:: Progress: [981/4614] :: Job [1/1] :: 43 req/sec :: Duration: [0:00:19] :: Errors: 0 ::
[2K:: Progress: [987/4614] :: Job [1/1] :: 50 req/sec :: Duration: [0:00:19] :: Errors: 0 ::
[2K:: Progress: [994/4614] :: Job [1/1] :: 50 req/sec :: Duration: [0:00:19] :: Errors: 0 ::
[2K:: Progress: [1000/4614] :: Job [1/1] :: 50 req/sec :: Duration: [0:00:20] :: Errors: 0 ::
[2K:: Progress: [1006/4614] :: Job [1/1] :: 50 req/sec :: Duration: [0:00:20] :: Errors: 0 ::
[2K:: Progress: [1013/4614] :: Job [1/1] :: 50 req/sec :: Duration: [0:00:20] :: Errors: 0 ::
[2K:: Progress: [1015/4614] :: Job [1/1] :: 50 req/sec :: Duration: [0:00:20] :: Errors: 0 ::
[2K:: Progress: [1019/4614] :: Job [1/1] :: 50 req/sec :: Duration: [0:00:20] :: Errors: 0 ::
[2K:: Progress: [1025/4614] :: Job [1/1] :: 50 req/sec :: Duration: [0:00:20] :: Errors: 0 ::
[2K:: Progress: [1032/4614] :: Job [1/1] :: 50 req/sec :: Duration: [0:00:20] :: Errors: 0 ::
[2K:: Progress: [1038/4614] :: Job [1/1] :: 50 req/sec :: Duration: [0:00:20] :: Errors: 0 ::
[2K:: Progress: [1044/4614] :: Job [1/1] :: 50 req/sec :: Duration: [0:00:20] :: Errors: 0 ::
[2K:: Progress: [1045/4614] :: Job [1/1] :: 50 req/sec :: Duration: [0:00:20] :: Errors: 0 ::
[2K:: Progress: [1050/4614] :: Job [1/1] :: 50 req/sec :: Duration: [0:00:21] :: Errors: 0 ::
[2K:: Progress: [1057/4614] :: Job [1/1] :: 50 req/sec :: Duration: [0:00:21] :: Errors: 0 ::
[2K:: Progress: [1063/4614] :: Job [1/1] :: 50 req/sec :: Duration: [0:00:21] :: Errors: 0 ::
[2K:: Progress: [1069/4614] :: Job [1/1] :: 50 req/sec :: Duration: [0:00:21] :: Errors: 0 ::
[2K:: Progress: [1076/4614] :: Job [1/1] :: 50 req/sec :: Duration: [0:00:21] :: Errors: 0 ::
[2K:: Progress: [1082/4614] :: Job [1/1] :: 50 req/sec :: Duration: [0:00:21] :: Errors: 0 ::
[2K:: Progress: [1088/4614] :: Job [1/1] :: 50 req/sec :: Duration: [0:00:21] :: Errors: 0 ::
[2K:: Progress: [1095/4614] :: Job [1/1] :: 50 req/sec :: Duration: [0:00:21] :: Errors: 0 ::
[2K:: Progress: [1101/4614] :: Job [1/1] :: 50 req/sec :: Duration: [0:00:22] :: Errors: 0 ::
[2K:: Progress: [1105/4614] :: Job [1/1] :: 50 req/sec :: Duration: [0:00:22] :: Errors: 0 ::
[2K:: Progress: [1105/4614] :: Job [1/1] :: 50 req/sec :: Duration: [0:00:22] :: Errors: 0 ::
[2K:: Progress: [1105/4614] :: Job [1/1] :: 50 req/sec :: Duration: [0:00:22] :: Errors: 0 ::
[2K:: Progress: [1105/4614] :: Job [1/1] :: 50 req/sec :: Duration: [0:00:22] :: Errors: 0 ::
[2K:: Progress: [1105/4614] :: Job [1/1] :: 50 req/sec :: Duration: [0:00:22] :: Errors: 0 ::
[2K:: Progress: [1105/4614] :: Job [1/1] :: 50 req/sec :: Duration: [0:00:22] :: Errors: 0 ::
[2K:: Progress: [1105/4614] :: Job [1/1] :: 50 req/sec :: Duration: [0:00:22] :: Errors: 0 ::
[2K:: Progress: [1105/4614] :: Job [1/1] :: 50 req/sec :: Duration: [0:00:23] :: Errors: 0 ::
[2K:: Progress: [1105/4614] :: Job [1/1] :: 50 req/sec :: Duration: [0:00:23] :: Errors: 0 ::
[2K:: Progress: [1105/4614] :: Job [1/1] :: 50 req/sec :: Duration: [0:00:23] :: Errors: 0 ::
[2K:: Progress: [1105/4614] :: Job [1/1] :: 50 req/sec :: Duration: [0:00:23] :: Errors: 0 ::
[2K:: Progress: [1105/4614] :: Job [1/1] :: 50 req/sec :: Duration: [0:00:23] :: Errors: 0 ::
[2K:: Progress: [1105/4614] :: Job [1/1] :: 50 req/sec :: Duration: [0:00:23] :: Errors: 0 ::
[2K:: Progress: [1105/4614] :: Job [1/1] :: 50 req/sec :: Duration: [0:00:23] :: Errors: 0 ::
[2K:: Progress: [1105/4614] :: Job [1/1] :: 50 req/sec :: Duration: [0:00:23] :: Errors: 0 ::
[2K:: Progress: [1105/4614] :: Job [1/1] :: 50 req/sec :: Duration: [0:00:24] :: Errors: 0 ::
[2K:: Progress: [1105/4614] :: Job [1/1] :: 50 req/sec :: Duration: [0:00:24] :: Errors: 0 ::
[2K:: Progress: [1105/4614] :: Job [1/1] :: 50 req/sec :: Duration: [0:00:24] :: Errors: 0 ::
[2K:: Progress: [1105/4614] :: Job [1/1] :: 50 req/sec :: Duration: [0:00:24] :: Errors: 0 ::
[2K:: Progress: [1105/4614] :: Job [1/1] :: 50 req/sec :: Duration: [0:00:24] :: Errors: 0 ::
[2K:: Progress: [1105/4614] :: Job [1/1] :: 50 req/sec :: Duration: [0:00:24] :: Errors: 0 ::
[2K:: Progress: [1105/4614] :: Job [1/1] :: 50 req/sec :: Duration: [0:00:24] :: Errors: 0 ::
[2K:: Progress: [1105/4614] :: Job [1/1] :: 50 req/sec :: Duration: [0:00:24] :: Errors: 0 ::
[2K:: Progress: [1105/4614] :: Job [1/1] :: 50 req/sec :: Duration: [0:00:25] :: Errors: 0 ::
[2K:: Progress: [1105/4614] :: Job [1/1] :: 50 req/sec :: Duration: [0:00:25] :: Errors: 0 ::
[2K:: Progress: [1105/4614] :: Job [1/1] :: 50 req/sec :: Duration: [0:00:25] :: Errors: 0 ::
[2K:: Progress: [1105/4614] :: Job [1/1] :: 50 req/sec :: Duration: [0:00:25] :: Errors: 0 ::
[2K:: Progress: [1105/4614] :: Job [1/1] :: 50 req/sec :: Duration: [0:00:25] :: Errors: 0 ::
[2K:: Progress: [1105/4614] :: Job [1/1] :: 50 req/sec :: Duration: [0:00:25] :: Errors: 0 ::
[2K:: Progress: [1105/4614] :: Job [1/1] :: 50 req/sec :: Duration: [0:00:25] :: Errors: 0 ::
[2K:: Progress: [1105/4614] :: Job [1/1] :: 50 req/sec :: Duration: [0:00:25] :: Errors: 0 ::
[2K:: Progress: [1105/4614] :: Job [1/1] :: 50 req/sec :: Duration: [0:00:26] :: Errors: 0 ::
[2K:: Progress: [1105/4614] :: Job [1/1] :: 50 req/sec :: Duration: [0:00:26] :: Errors: 0 ::
[2K:: Progress: [1112/4614] :: Job [1/1] :: 25 req/sec :: Duration: [0:00:26] :: Errors: 0 ::
[2K:: Progress: [1112/4614] :: Job [1/1] :: 25 req/sec :: Duration: [0:00:26] :: Errors: 0 ::
[2K:: Progress: [1118/4614] :: Job [1/1] :: 26 req/sec :: Duration: [0:00:26] :: Errors: 0 ::
[2K:: Progress: [1121/4614] :: Job [1/1] :: 27 req/sec :: Duration: [0:00:26] :: Errors: 0 ::
[2K:: Progress: [1125/4614] :: Job [1/1] :: 27 req/sec :: Duration: [0:00:26] :: Errors: 0 ::
[2K:: Progress: [1131/4614] :: Job [1/1] :: 27 req/sec :: Duration: [0:00:26] :: Errors: 0 ::
[2K:: Progress: [1137/4614] :: Job [1/1] :: 27 req/sec :: Duration: [0:00:26] :: Errors: 0 ::
[2K:: Progress: [1144/4614] :: Job [1/1] :: 27 req/sec :: Duration: [0:00:26] :: Errors: 0 ::
[2K:: Progress: [1150/4614] :: Job [1/1] :: 27 req/sec :: Duration: [0:00:27] :: Errors: 0 ::
[2K:: Progress: [1156/4614] :: Job [1/1] :: 27 req/sec :: Duration: [0:00:27] :: Errors: 0 ::
[2K:: Progress: [1162/4614] :: Job [1/1] :: 27 req/sec :: Duration: [0:00:27] :: Errors: 0 ::
[2K:: Progress: [1169/4614] :: Job [1/1] :: 27 req/sec :: Duration: [0:00:27] :: Errors: 0 ::
[2K:: Progress: [1175/4614] :: Job [1/1] :: 27 req/sec :: Duration: [0:00:27] :: Errors: 0 ::
[2K:: Progress: [1181/4614] :: Job [1/1] :: 27 req/sec :: Duration: [0:00:27] :: Errors: 0 ::
[2K:: Progress: [1188/4614] :: Job [1/1] :: 27 req/sec :: Duration: [0:00:27] :: Errors: 0 ::
[2K:: Progress: [1194/4614] :: Job [1/1] :: 27 req/sec :: Duration: [0:00:27] :: Errors: 0 ::
[2K:: Progress: [1200/4614] :: Job [1/1] :: 27 req/sec :: Duration: [0:00:28] :: Errors: 0 ::
[2K:: Progress: [1207/4614] :: Job [1/1] :: 27 req/sec :: Duration: [0:00:28] :: Errors: 0 ::
[2K:: Progress: [1213/4614] :: Job [1/1] :: 27 req/sec :: Duration: [0:00:28] :: Errors: 0 ::
[2K:: Progress: [1219/4614] :: Job [1/1] :: 27 req/sec :: Duration: [0:00:28] :: Errors: 0 ::
[2K:: Progress: [1225/4614] :: Job [1/1] :: 27 req/sec :: Duration: [0:00:28] :: Errors: 0 ::
[2K:: Progress: [1232/4614] :: Job [1/1] :: 27 req/sec :: Duration: [0:00:28] :: Errors: 0 ::
[2K:: Progress: [1238/4614] :: Job [1/1] :: 27 req/sec :: Duration: [0:00:28] :: Errors: 0 ::
[2K:: Progress: [1244/4614] :: Job [1/1] :: 27 req/sec :: Duration: [0:00:28] :: Errors: 0 ::
[2K:: Progress: [1251/4614] :: Job [1/1] :: 27 req/sec :: Duration: [0:00:29] :: Errors: 0 ::
[2K:: Progress: [1257/4614] :: Job [1/1] :: 27 req/sec :: Duration: [0:00:29] :: Errors: 0 ::
[2K:: Progress: [1263/4614] :: Job [1/1] :: 27 req/sec :: Duration: [0:00:29] :: Errors: 0 ::
[2K:: Progress: [1269/4614] :: Job [1/1] :: 27 req/sec :: Duration: [0:00:29] :: Errors: 0 ::
[2K:: Progress: [1276/4614] :: Job [1/1] :: 27 req/sec :: Duration: [0:00:29] :: Errors: 0 ::
[2K:: Progress: [1282/4614] :: Job [1/1] :: 27 req/sec :: Duration: [0:00:29] :: Errors: 0 ::
[2K:: Progress: [1288/4614] :: Job [1/1] :: 27 req/sec :: Duration: [0:00:29] :: Errors: 0 ::
[2K:: Progress: [1295/4614] :: Job [1/1] :: 27 req/sec :: Duration: [0:00:29] :: Errors: 0 ::
[2K:: Progress: [1301/4614] :: Job [1/1] :: 27 req/sec :: Duration: [0:00:30] :: Errors: 0 ::
[2K:: Progress: [1307/4614] :: Job [1/1] :: 27 req/sec :: Duration: [0:00:30] :: Errors: 0 ::
[2K:: Progress: [1314/4614] :: Job [1/1] :: 60 req/sec :: Duration: [0:00:30] :: Errors: 0 ::
[2K:: Progress: [1320/4614] :: Job [1/1] :: 59 req/sec :: Duration: [0:00:30] :: Errors: 0 ::
[2K:: Progress: [1326/4614] :: Job [1/1] :: 58 req/sec :: Duration: [0:00:30] :: Errors: 0 ::
[2K:: Progress: [1332/4614] :: Job [1/1] :: 56 req/sec :: Duration: [0:00:30] :: Errors: 0 ::
[2K:: Progress: [1339/4614] :: Job [1/1] :: 55 req/sec :: Duration: [0:00:30] :: Errors: 0 ::
[2K:: Progress: [1345/4614] :: Job [1/1] :: 54 req/sec :: Duration: [0:00:30] :: Errors: 0 ::
[2K:: Progress: [1351/4614] :: Job [1/1] :: 53 req/sec :: Duration: [0:00:31] :: Errors: 0 ::
[2K:: Progress: [1358/4614] :: Job [1/1] :: 52 req/sec :: Duration: [0:00:31] :: Errors: 0 ::
[2K:: Progress: [1364/4614] :: Job [1/1] :: 50 req/sec :: Duration: [0:00:31] :: Errors: 0 ::
[2K:: Progress: [1370/4614] :: Job [1/1] :: 50 req/sec :: Duration: [0:00:31] :: Errors: 0 ::
[2K:: Progress: [1377/4614] :: Job [1/1] :: 49 req/sec :: Duration: [0:00:31] :: Errors: 0 ::
[2K:: Progress: [1383/4614] :: Job [1/1] :: 50 req/sec :: Duration: [0:00:31] :: Errors: 0 ::
[2K:: Progress: [1389/4614] :: Job [1/1] :: 50 req/sec :: Duration: [0:00:31] :: Errors: 0 ::
[2K:: Progress: [1396/4614] :: Job [1/1] :: 50 req/sec :: Duration: [0:00:31] :: Errors: 0 ::
[2K:: Progress: [1402/4614] :: Job [1/1] :: 50 req/sec :: Duration: [0:00:32] :: Errors: 0 ::
[2K:: Progress: [1408/4614] :: Job [1/1] :: 50 req/sec :: Duration: [0:00:32] :: Errors: 0 ::
[2K:: Progress: [1414/4614] :: Job [1/1] :: 50 req/sec :: Duration: [0:00:32] :: Errors: 0 ::
[2K:: Progress: [1421/4614] :: Job [1/1] :: 50 req/sec :: Duration: [0:00:32] :: Errors: 0 ::
[2K:: Progress: [1427/4614] :: Job [1/1] :: 50 req/sec :: Duration: [0:00:32] :: Errors: 0 ::
[2K:: Progress: [1433/4614] :: Job [1/1] :: 50 req/sec :: Duration: [0:00:32] :: Errors: 0 ::
[2K:: Progress: [1440/4614] :: Job [1/1] :: 50 req/sec :: Duration: [0:00:32] :: Errors: 0 ::
[2K:: Progress: [1446/4614] :: Job [1/1] :: 50 req/sec :: Duration: [0:00:32] :: Errors: 0 ::
[2K:: Progress: [1453/4614] :: Job [1/1] :: 49 req/sec :: Duration: [0:00:33] :: Errors: 0 ::
[2K:: Progress: [1459/4614] :: Job [1/1] :: 50 req/sec :: Duration: [0:00:33] :: Errors: 0 ::
[2K:: Progress: [1465/4614] :: Job [1/1] :: 50 req/sec :: Duration: [0:00:33] :: Errors: 0 ::
[2K:: Progress: [1471/4614] :: Job [1/1] :: 50 req/sec :: Duration: [0:00:33] :: Errors: 0 ::
[2K:: Progress: [1478/4614] :: Job [1/1] :: 50 req/sec :: Duration: [0:00:33] :: Errors: 0 ::
[2K:: Progress: [1484/4614] :: Job [1/1] :: 50 req/sec :: Duration: [0:00:33] :: Errors: 0 ::
[2K:: Progress: [1485/4614] :: Job [1/1] :: 50 req/sec :: Duration: [0:00:33] :: Errors: 0 ::
[2K:: Progress: [1490/4614] :: Job [1/1] :: 50 req/sec :: Duration: [0:00:33] :: Errors: 0 ::
[2K:: Progress: [1496/4614] :: Job [1/1] :: 50 req/sec :: Duration: [0:00:33] :: Errors: 0 ::
[2K:: Progress: [1503/4614] :: Job [1/1] :: 50 req/sec :: Duration: [0:00:34] :: Errors: 0 ::
[2K:: Progress: [1509/4614] :: Job [1/1] :: 50 req/sec :: Duration: [0:00:34] :: Errors: 0 ::
[2K:: Progress: [1515/4614] :: Job [1/1] :: 50 req/sec :: Duration: [0:00:34] :: Errors: 0 ::
[2K:: Progress: [1522/4614] :: Job [1/1] :: 50 req/sec :: Duration: [0:00:34] :: Errors: 0 ::
[2K:: Progress: [1528/4614] :: Job [1/1] :: 50 req/sec :: Duration: [0:00:34] :: Errors: 0 ::
[2K:: Progress: [1534/4614] :: Job [1/1] :: 50 req/sec :: Duration: [0:00:34] :: Errors: 0 ::
[2K:: Progress: [1541/4614] :: Job [1/1] :: 50 req/sec :: Duration: [0:00:34] :: Errors: 0 ::
[2K:: Progress: [1547/4614] :: Job [1/1] :: 50 req/sec :: Duration: [0:00:35] :: Errors: 0 ::
[2K:: Progress: [1553/4614] :: Job [1/1] :: 50 req/sec :: Duration: [0:00:35] :: Errors: 0 ::
[2K:: Progress: [1560/4614] :: Job [1/1] :: 50 req/sec :: Duration: [0:00:35] :: Errors: 0 ::
[2K:: Progress: [1566/4614] :: Job [1/1] :: 50 req/sec :: Duration: [0:00:35] :: Errors: 0 ::
[2K:: Progress: [1572/4614] :: Job [1/1] :: 50 req/sec :: Duration: [0:00:35] :: Errors: 0 ::
[2K:: Progress: [1578/4614] :: Job [1/1] :: 50 req/sec :: Duration: [0:00:35] :: Errors: 0 ::
[2K:: Progress: [1585/4614] :: Job [1/1] :: 50 req/sec :: Duration: [0:00:35] :: Errors: 0 ::
[2K:: Progress: [1591/4614] :: Job [1/1] :: 50 req/sec :: Duration: [0:00:35] :: Errors: 0 ::
[2K:: Progress: [1597/4614] :: Job [1/1] :: 50 req/sec :: Duration: [0:00:36] :: Errors: 0 ::
[2K:: Progress: [1604/4614] :: Job [1/1] :: 50 req/sec :: Duration: [0:00:36] :: Errors: 0 ::
[2K:: Progress: [1610/4614] :: Job [1/1] :: 50 req/sec :: Duration: [0:00:36] :: Errors: 0 ::
[2K:: Progress: [1616/4614] :: Job [1/1] :: 50 req/sec :: Duration: [0:00:36] :: Errors: 0 ::
[2K:: Progress: [1622/4614] :: Job [1/1] :: 50 req/sec :: Duration: [0:00:36] :: Errors: 0 ::
[2K:: Progress: [1629/4614] :: Job [1/1] :: 50 req/sec :: Duration: [0:00:36] :: Errors: 0 ::
[2K:: Progress: [1635/4614] :: Job [1/1] :: 50 req/sec :: Duration: [0:00:36] :: Errors: 0 ::
[2K:: Progress: [1641/4614] :: Job [1/1] :: 49 req/sec :: Duration: [0:00:36] :: Errors: 0 ::
[2K:: Progress: [1648/4614] :: Job [1/1] :: 50 req/sec :: Duration: [0:00:37] :: Errors: 0 ::
[2K:: Progress: [1649/4614] :: Job [1/1] :: 50 req/sec :: Duration: [0:00:37] :: Errors: 0 ::
[2K:: Progress: [1654/4614] :: Job [1/1] :: 50 req/sec :: Duration: [0:00:37] :: Errors: 0 ::
[2K:: Progress: [1660/4614] :: Job [1/1] :: 50 req/sec :: Duration: [0:00:37] :: Errors: 0 ::
[2K:: Progress: [1666/4614] :: Job [1/1] :: 50 req/sec :: Duration: [0:00:37] :: Errors: 0 ::
[2K:: Progress: [1673/4614] :: Job [1/1] :: 50 req/sec :: Duration: [0:00:37] :: Errors: 0 ::
[2K:: Progress: [1679/4614] :: Job [1/1] :: 50 req/sec :: Duration: [0:00:37] :: Errors: 0 ::
[2K:: Progress: [1685/4614] :: Job [1/1] :: 51 req/sec :: Duration: [0:00:37] :: Errors: 0 ::
[2K:: Progress: [1691/4614] :: Job [1/1] :: 50 req/sec :: Duration: [0:00:37] :: Errors: 0 ::
[2K:: Progress: [1698/4614] :: Job [1/1] :: 50 req/sec :: Duration: [0:00:38] :: Errors: 0 ::
[2K:: Progress: [1704/4614] :: Job [1/1] :: 50 req/sec :: Duration: [0:00:38] :: Errors: 0 ::
[2K:: Progress: [1710/4614] :: Job [1/1] :: 50 req/sec :: Duration: [0:00:38] :: Errors: 0 ::
[2K:: Progress: [1717/4614] :: Job [1/1] :: 50 req/sec :: Duration: [0:00:38] :: Errors: 0 ::
[2K:: Progress: [1723/4614] :: Job [1/1] :: 50 req/sec :: Duration: [0:00:38] :: Errors: 0 ::
[2K:: Progress: [1729/4614] :: Job [1/1] :: 50 req/sec :: Duration: [0:00:38] :: Errors: 0 ::
[2K:: Progress: [1735/4614] :: Job [1/1] :: 50 req/sec :: Duration: [0:00:38] :: Errors: 0 ::
[2K:: Progress: [1742/4614] :: Job [1/1] :: 50 req/sec :: Duration: [0:00:38] :: Errors: 0 ::
[2K:: Progress: [1748/4614] :: Job [1/1] :: 50 req/sec :: Duration: [0:00:39] :: Errors: 0 ::
[2K:: Progress: [1754/4614] :: Job [1/1] :: 50 req/sec :: Duration: [0:00:39] :: Errors: 0 ::
[2K:: Progress: [1760/4614] :: Job [1/1] :: 50 req/sec :: Duration: [0:00:39] :: Errors: 0 ::
[2K:: Progress: [1767/4614] :: Job [1/1] :: 50 req/sec :: Duration: [0:00:39] :: Errors: 0 ::
[2K:: Progress: [1773/4614] :: Job [1/1] :: 50 req/sec :: Duration: [0:00:39] :: Errors: 0 ::
[2K:: Progress: [1779/4614] :: Job [1/1] :: 50 req/sec :: Duration: [0:00:39] :: Errors: 0 ::
[2K:: Progress: [1786/4614] :: Job [1/1] :: 50 req/sec :: Duration: [0:00:39] :: Errors: 0 ::
[2K:: Progress: [1792/4614] :: Job [1/1] :: 50 req/sec :: Duration: [0:00:39] :: Errors: 0 ::
[2K:: Progress: [1798/4614] :: Job [1/1] :: 50 req/sec :: Duration: [0:00:40] :: Errors: 0 ::
[2K:: Progress: [1805/4614] :: Job [1/1] :: 50 req/sec :: Duration: [0:00:40] :: Errors: 0 ::
[2K:: Progress: [1811/4614] :: Job [1/1] :: 50 req/sec :: Duration: [0:00:40] :: Errors: 0 ::
[2K:: Progress: [1817/4614] :: Job [1/1] :: 50 req/sec :: Duration: [0:00:40] :: Errors: 0 ::
[2K:: Progress: [1823/4614] :: Job [1/1] :: 50 req/sec :: Duration: [0:00:40] :: Errors: 0 ::
[2K:: Progress: [1830/4614] :: Job [1/1] :: 50 req/sec :: Duration: [0:00:40] :: Errors: 0 ::
[2K:: Progress: [1836/4614] :: Job [1/1] :: 50 req/sec :: Duration: [0:00:40] :: Errors: 0 ::
[2K:: Progress: [1842/4614] :: Job [1/1] :: 50 req/sec :: Duration: [0:00:40] :: Errors: 0 ::
[2K:: Progress: [1849/4614] :: Job [1/1] :: 50 req/sec :: Duration: [0:00:41] :: Errors: 0 ::
[2K:: Progress: [1855/4614] :: Job [1/1] :: 50 req/sec :: Duration: [0:00:41] :: Errors: 0 ::
[2K:: Progress: [1861/4614] :: Job [1/1] :: 50 req/sec :: Duration: [0:00:41] :: Errors: 0 ::
[2K:: Progress: [1867/4614] :: Job [1/1] :: 50 req/sec :: Duration: [0:00:41] :: Errors: 0 ::
[2K:: Progress: [1874/4614] :: Job [1/1] :: 50 req/sec :: Duration: [0:00:41] :: Errors: 0 ::
[2K:: Progress: [1880/4614] :: Job [1/1] :: 50 req/sec :: Duration: [0:00:41] :: Errors: 0 ::
[2K:: Progress: [1886/4614] :: Job [1/1] :: 50 req/sec :: Duration: [0:00:41] :: Errors: 0 ::
[2K:: Progress: [1893/4614] :: Job [1/1] :: 50 req/sec :: Duration: [0:00:41] :: Errors: 0 ::
[2K:: Progress: [1899/4614] :: Job [1/1] :: 50 req/sec :: Duration: [0:00:42] :: Errors: 0 ::
[2K:: Progress: [1905/4614] :: Job [1/1] :: 50 req/sec :: Duration: [0:00:42] :: Errors: 0 ::
[2K:: Progress: [1911/4614] :: Job [1/1] :: 50 req/sec :: Duration: [0:00:42] :: Errors: 0 ::
[2K:: Progress: [1912/4614] :: Job [1/1] :: 50 req/sec :: Duration: [0:00:42] :: Errors: 0 ::
[2K:: Progress: [1916/4614] :: Job [1/1] :: 50 req/sec :: Duration: [0:00:42] :: Errors: 0 ::
[2K:: Progress: [1918/4614] :: Job [1/1] :: 50 req/sec :: Duration: [0:00:42] :: Errors: 0 ::
[2K:: Progress: [1924/4614] :: Job [1/1] :: 50 req/sec :: Duration: [0:00:42] :: Errors: 0 ::
[2K:: Progress: [1930/4614] :: Job [1/1] :: 49 req/sec :: Duration: [0:00:42] :: Errors: 0 ::
[2K:: Progress: [1936/4614] :: Job [1/1] :: 50 req/sec :: Duration: [0:00:42] :: Errors: 0 ::
[2K:: Progress: [1942/4614] :: Job [1/1] :: 50 req/sec :: Duration: [0:00:42] :: Errors: 0 ::
[2K:: Progress: [1948/4614] :: Job [1/1] :: 50 req/sec :: Duration: [0:00:43] :: Errors: 0 ::
[2K:: Progress: [1955/4614] :: Job [1/1] :: 50 req/sec :: Duration: [0:00:43] :: Errors: 0 ::
[2K:: Progress: [1961/4614] :: Job [1/1] :: 50 req/sec :: Duration: [0:00:43] :: Errors: 0 ::
[2K:: Progress: [1967/4614] :: Job [1/1] :: 50 req/sec :: Duration: [0:00:43] :: Errors: 0 ::
[2K:: Progress: [1973/4614] :: Job [1/1] :: 50 req/sec :: Duration: [0:00:43] :: Errors: 0 ::
[2K:: Progress: [1980/4614] :: Job [1/1] :: 50 req/sec :: Duration: [0:00:43] :: Errors: 0 ::
[2K:: Progress: [1986/4614] :: Job [1/1] :: 49 req/sec :: Duration: [0:00:43] :: Errors: 0 ::
[2K:: Progress: [1992/4614] :: Job [1/1] :: 50 req/sec :: Duration: [0:00:43] :: Errors: 0 ::
[2K:: Progress: [1993/4614] :: Job [1/1] :: 50 req/sec :: Duration: [0:00:43] :: Errors: 0 ::
[2K:: Progress: [1999/4614] :: Job [1/1] :: 50 req/sec :: Duration: [0:00:44] :: Errors: 0 ::
[2K:: Progress: [1999/4614] :: Job [1/1] :: 50 req/sec :: Duration: [0:00:44] :: Errors: 0 ::
[2K:: Progress: [2005/4614] :: Job [1/1] :: 50 req/sec :: Duration: [0:00:44] :: Errors: 0 ::
[2K:: Progress: [2011/4614] :: Job [1/1] :: 49 req/sec :: Duration: [0:00:44] :: Errors: 0 ::
[2K:: Progress: [2014/4614] :: Job [1/1] :: 49 req/sec :: Duration: [0:00:44] :: Errors: 0 ::
[2K:: Progress: [2015/4614] :: Job [1/1] :: 49 req/sec :: Duration: [0:00:44] :: Errors: 0 ::
[2K:: Progress: [2018/4614] :: Job [1/1] :: 50 req/sec :: Duration: [0:00:44] :: Errors: 0 ::
[2K:: Progress: [2024/4614] :: Job [1/1] :: 50 req/sec :: Duration: [0:00:44] :: Errors: 0 ::
[2K:: Progress: [2026/4614] :: Job [1/1] :: 49 req/sec :: Duration: [0:00:44] :: Errors: 0 ::
[2K:: Progress: [2026/4614] :: Job [1/1] :: 49 req/sec :: Duration: [0:00:44] :: Errors: 0 ::
[2K:: Progress: [2030/4614] :: Job [1/1] :: 50 req/sec :: Duration: [0:00:44] :: Errors: 0 ::
[2K:: Progress: [2036/4614] :: Job [1/1] :: 50 req/sec :: Duration: [0:00:44] :: Errors: 0 ::
[2K:: Progress: [2043/4614] :: Job [1/1] :: 50 req/sec :: Duration: [0:00:44] :: Errors: 0 ::
[2K:: Progress: [2049/4614] :: Job [1/1] :: 50 req/sec :: Duration: [0:00:45] :: Errors: 0 ::
[2K:: Progress: [2055/4614] :: Job [1/1] :: 50 req/sec :: Duration: [0:00:45] :: Errors: 0 ::
[2K:: Progress: [2062/4614] :: Job [1/1] :: 50 req/sec :: Duration: [0:00:45] :: Errors: 0 ::
[2K:: Progress: [2068/4614] :: Job [1/1] :: 49 req/sec :: Duration: [0:00:45] :: Errors: 0 ::
[2K:: Progress: [2074/4614] :: Job [1/1] :: 49 req/sec :: Duration: [0:00:45] :: Errors: 0 ::
[2K:: Progress: [2080/4614] :: Job [1/1] :: 49 req/sec :: Duration: [0:00:45] :: Errors: 0 ::
[2K:: Progress: [2087/4614] :: Job [1/1] :: 49 req/sec :: Duration: [0:00:45] :: Errors: 0 ::
[2K:: Progress: [2093/4614] :: Job [1/1] :: 49 req/sec :: Duration: [0:00:45] :: Errors: 0 ::
[2K:: Progress: [2099/4614] :: Job [1/1] :: 49 req/sec :: Duration: [0:00:46] :: Errors: 0 ::
[2K:: Progress: [2105/4614] :: Job [1/1] :: 49 req/sec :: Duration: [0:00:46] :: Errors: 0 ::
[2K:: Progress: [2112/4614] :: Job [1/1] :: 49 req/sec :: Duration: [0:00:46] :: Errors: 0 ::
[2K:: Progress: [2118/4614] :: Job [1/1] :: 49 req/sec :: Duration: [0:00:46] :: Errors: 0 ::
[2K:: Progress: [2124/4614] :: Job [1/1] :: 50 req/sec :: Duration: [0:00:46] :: Errors: 0 ::
[2K:: Progress: [2131/4614] :: Job [1/1] :: 49 req/sec :: Duration: [0:00:46] :: Errors: 0 ::
[2K:: Progress: [2137/4614] :: Job [1/1] :: 49 req/sec :: Duration: [0:00:46] :: Errors: 0 ::
[2K:: Progress: [2143/4614] :: Job [1/1] :: 43 req/sec :: Duration: [0:00:46] :: Errors: 0 ::
[2K:: Progress: [2150/4614] :: Job [1/1] :: 43 req/sec :: Duration: [0:00:47] :: Errors: 0 ::
[2K:: Progress: [2156/4614] :: Job [1/1] :: 43 req/sec :: Duration: [0:00:47] :: Errors: 0 ::
[2K:: Progress: [2162/4614] :: Job [1/1] :: 43 req/sec :: Duration: [0:00:47] :: Errors: 0 ::
[2K:: Progress: [2168/4614] :: Job [1/1] :: 43 req/sec :: Duration: [0:00:47] :: Errors: 0 ::
[2K:: Progress: [2175/4614] :: Job [1/1] :: 44 req/sec :: Duration: [0:00:47] :: Errors: 0 ::
[2K:: Progress: [2181/4614] :: Job [1/1] :: 44 req/sec :: Duration: [0:00:47] :: Errors: 0 ::
[2K:: Progress: [2183/4614] :: Job [1/1] :: 43 req/sec :: Duration: [0:00:47] :: Errors: 0 ::
[2K:: Progress: [2187/4614] :: Job [1/1] :: 43 req/sec :: Duration: [0:00:47] :: Errors: 0 ::
[2K:: Progress: [2194/4614] :: Job [1/1] :: 43 req/sec :: Duration: [0:00:47] :: Errors: 0 ::
[2K:: Progress: [2200/4614] :: Job [1/1] :: 43 req/sec :: Duration: [0:00:48] :: Errors: 0 ::
[2K:: Progress: [2206/4614] :: Job [1/1] :: 43 req/sec :: Duration: [0:00:48] :: Errors: 0 ::
[2K:: Progress: [2212/4614] :: Job [1/1] :: 43 req/sec :: Duration: [0:00:48] :: Errors: 0 ::
[2K:: Progress: [2219/4614] :: Job [1/1] :: 43 req/sec :: Duration: [0:00:48] :: Errors: 0 ::
[2K:: Progress: [2225/4614] :: Job [1/1] :: 43 req/sec :: Duration: [0:00:48] :: Errors: 0 ::
[2K:: Progress: [2231/4614] :: Job [1/1] :: 43 req/sec :: Duration: [0:00:48] :: Errors: 0 ::
[2K:: Progress: [2238/4614] :: Job [1/1] :: 43 req/sec :: Duration: [0:00:48] :: Errors: 0 ::
[2K:: Progress: [2244/4614] :: Job [1/1] :: 43 req/sec :: Duration: [0:00:48] :: Errors: 0 ::
[2K:: Progress: [2250/4614] :: Job [1/1] :: 43 req/sec :: Duration: [0:00:49] :: Errors: 0 ::
[2K:: Progress: [2256/4614] :: Job [1/1] :: 44 req/sec :: Duration: [0:00:49] :: Errors: 0 ::
[2K:: Progress: [2263/4614] :: Job [1/1] :: 44 req/sec :: Duration: [0:00:49] :: Errors: 0 ::
[2K:: Progress: [2269/4614] :: Job [1/1] :: 43 req/sec :: Duration: [0:00:49] :: Errors: 0 ::
[2K:: Progress: [2275/4614] :: Job [1/1] :: 43 req/sec :: Duration: [0:00:49] :: Errors: 0 ::
[2K:: Progress: [2278/4614] :: Job [1/1] :: 43 req/sec :: Duration: [0:00:49] :: Errors: 0 ::
[2K:: Progress: [2282/4614] :: Job [1/1] :: 43 req/sec :: Duration: [0:00:49] :: Errors: 0 ::
[2K:: Progress: [2288/4614] :: Job [1/1] :: 44 req/sec :: Duration: [0:00:49] :: Errors: 0 ::
[2K:: Progress: [2294/4614] :: Job [1/1] :: 44 req/sec :: Duration: [0:00:49] :: Errors: 0 ::
[2K:: Progress: [2300/4614] :: Job [1/1] :: 44 req/sec :: Duration: [0:00:50] :: Errors: 0 ::
[2K:: Progress: [2307/4614] :: Job [1/1] :: 44 req/sec :: Duration: [0:00:50] :: Errors: 0 ::
[2K:: Progress: [2313/4614] :: Job [1/1] :: 44 req/sec :: Duration: [0:00:50] :: Errors: 0 ::
[2K:: Progress: [2319/4614] :: Job [1/1] :: 44 req/sec :: Duration: [0:00:50] :: Errors: 0 ::
[2K:: Progress: [2326/4614] :: Job [1/1] :: 44 req/sec :: Duration: [0:00:50] :: Errors: 0 ::
[2K:: Progress: [2332/4614] :: Job [1/1] :: 44 req/sec :: Duration: [0:00:50] :: Errors: 0 ::
[2K:: Progress: [2338/4614] :: Job [1/1] :: 44 req/sec :: Duration: [0:00:50] :: Errors: 0 ::
[2K:: Progress: [2340/4614] :: Job [1/1] :: 44 req/sec :: Duration: [0:00:50] :: Errors: 0 ::
[2K:: Progress: [2345/4614] :: Job [1/1] :: 44 req/sec :: Duration: [0:00:50] :: Errors: 0 ::
[2K:: Progress: [2351/4614] :: Job [1/1] :: 44 req/sec :: Duration: [0:00:51] :: Errors: 0 ::
[2K:: Progress: [2357/4614] :: Job [1/1] :: 44 req/sec :: Duration: [0:00:51] :: Errors: 0 ::
[2K:: Progress: [2363/4614] :: Job [1/1] :: 44 req/sec :: Duration: [0:00:51] :: Errors: 0 ::
[2K:: Progress: [2370/4614] :: Job [1/1] :: 44 req/sec :: Duration: [0:00:51] :: Errors: 0 ::
[2K:: Progress: [2376/4614] :: Job [1/1] :: 44 req/sec :: Duration: [0:00:51] :: Errors: 0 ::
[2K:: Progress: [2382/4614] :: Job [1/1] :: 44 req/sec :: Duration: [0:00:51] :: Errors: 0 ::
[2K:: Progress: [2389/4614] :: Job [1/1] :: 50 req/sec :: Duration: [0:00:51] :: Errors: 0 ::
[2K:: Progress: [2395/4614] :: Job [1/1] :: 50 req/sec :: Duration: [0:00:51] :: Errors: 0 ::
[2K:: Progress: [2401/4614] :: Job [1/1] :: 50 req/sec :: Duration: [0:00:52] :: Errors: 0 ::
[2K:: Progress: [2407/4614] :: Job [1/1] :: 50 req/sec :: Duration: [0:00:52] :: Errors: 0 ::
[2K:: Progress: [2414/4614] :: Job [1/1] :: 50 req/sec :: Duration: [0:00:52] :: Errors: 0 ::
[2K:: Progress: [2419/4614] :: Job [1/1] :: 49 req/sec :: Duration: [0:00:52] :: Errors: 0 ::
[2K:: Progress: [2421/4614] :: Job [1/1] :: 49 req/sec :: Duration: [0:00:52] :: Errors: 0 ::
[2K:: Progress: [2427/4614] :: Job [1/1] :: 50 req/sec :: Duration: [0:00:52] :: Errors: 0 ::
[2K:: Progress: [2433/4614] :: Job [1/1] :: 50 req/sec :: Duration: [0:00:52] :: Errors: 0 ::
[2K:: Progress: [2440/4614] :: Job [1/1] :: 50 req/sec :: Duration: [0:00:52] :: Errors: 0 ::
[2K:: Progress: [2446/4614] :: Job [1/1] :: 50 req/sec :: Duration: [0:00:53] :: Errors: 0 ::
[2K:: Progress: [2452/4614] :: Job [1/1] :: 50 req/sec :: Duration: [0:00:53] :: Errors: 0 ::
[2K:: Progress: [2459/4614] :: Job [1/1] :: 50 req/sec :: Duration: [0:00:53] :: Errors: 0 ::
[2K:: Progress: [2465/4614] :: Job [1/1] :: 50 req/sec :: Duration: [0:00:53] :: Errors: 0 ::
[2K:: Progress: [2471/4614] :: Job [1/1] :: 50 req/sec :: Duration: [0:00:53] :: Errors: 0 ::
[2K:: Progress: [2477/4614] :: Job [1/1] :: 50 req/sec :: Duration: [0:00:53] :: Errors: 0 ::
[2K:: Progress: [2484/4614] :: Job [1/1] :: 50 req/sec :: Duration: [0:00:53] :: Errors: 0 ::
[2K:: Progress: [2490/4614] :: Job [1/1] :: 50 req/sec :: Duration: [0:00:53] :: Errors: 0 ::
[2K:: Progress: [2496/4614] :: Job [1/1] :: 50 req/sec :: Duration: [0:00:54] :: Errors: 0 ::
[2K:: Progress: [2503/4614] :: Job [1/1] :: 50 req/sec :: Duration: [0:00:54] :: Errors: 0 ::
[2K:: Progress: [2509/4614] :: Job [1/1] :: 50 req/sec :: Duration: [0:00:54] :: Errors: 0 ::
[2K:: Progress: [2515/4614] :: Job [1/1] :: 50 req/sec :: Duration: [0:00:54] :: Errors: 0 ::
[2K:: Progress: [2522/4614] :: Job [1/1] :: 50 req/sec :: Duration: [0:00:54] :: Errors: 0 ::
[2K:: Progress: [2528/4614] :: Job [1/1] :: 50 req/sec :: Duration: [0:00:54] :: Errors: 0 ::
[2K:: Progress: [2534/4614] :: Job [1/1] :: 50 req/sec :: Duration: [0:00:54] :: Errors: 0 ::
[2K:: Progress: [2540/4614] :: Job [1/1] :: 50 req/sec :: Duration: [0:00:54] :: Errors: 0 ::
[2K:: Progress: [2547/4614] :: Job [1/1] :: 50 req/sec :: Duration: [0:00:55] :: Errors: 0 ::
[2K:: Progress: [2553/4614] :: Job [1/1] :: 50 req/sec :: Duration: [0:00:55] :: Errors: 0 ::
[2K:: Progress: [2559/4614] :: Job [1/1] :: 50 req/sec :: Duration: [0:00:55] :: Errors: 0 ::
[2K:: Progress: [2566/4614] :: Job [1/1] :: 50 req/sec :: Duration: [0:00:55] :: Errors: 0 ::
[2K:: Progress: [2572/4614] :: Job [1/1] :: 50 req/sec :: Duration: [0:00:55] :: Errors: 0 ::
[2K:: Progress: [2578/4614] :: Job [1/1] :: 50 req/sec :: Duration: [0:00:55] :: Errors: 0 ::
[2K:: Progress: [2584/4614] :: Job [1/1] :: 50 req/sec :: Duration: [0:00:55] :: Errors: 0 ::
[2K:: Progress: [2591/4614] :: Job [1/1] :: 50 req/sec :: Duration: [0:00:55] :: Errors: 0 ::
[2K:: Progress: [2597/4614] :: Job [1/1] :: 50 req/sec :: Duration: [0:00:56] :: Errors: 0 ::
[2K:: Progress: [2603/4614] :: Job [1/1] :: 50 req/sec :: Duration: [0:00:56] :: Errors: 0 ::
[2K:: Progress: [2609/4614] :: Job [1/1] :: 50 req/sec :: Duration: [0:00:56] :: Errors: 0 ::
[2K:: Progress: [2616/4614] :: Job [1/1] :: 50 req/sec :: Duration: [0:00:56] :: Errors: 0 ::
[2K:: Progress: [2622/4614] :: Job [1/1] :: 50 req/sec :: Duration: [0:00:56] :: Errors: 0 ::
[2K:: Progress: [2628/4614] :: Job [1/1] :: 50 req/sec :: Duration: [0:00:56] :: Errors: 0 ::
[2K:: Progress: [2635/4614] :: Job [1/1] :: 50 req/sec :: Duration: [0:00:56] :: Errors: 0 ::
[2K:: Progress: [2641/4614] :: Job [1/1] :: 50 req/sec :: Duration: [0:00:56] :: Errors: 0 ::
[2K:: Progress: [2647/4614] :: Job [1/1] :: 50 req/sec :: Duration: [0:00:57] :: Errors: 0 ::
[2K:: Progress: [2653/4614] :: Job [1/1] :: 50 req/sec :: Duration: [0:00:57] :: Errors: 0 ::
[2K:: Progress: [2660/4614] :: Job [1/1] :: 50 req/sec :: Duration: [0:00:57] :: Errors: 0 ::
[2K:: Progress: [2666/4614] :: Job [1/1] :: 51 req/sec :: Duration: [0:00:57] :: Errors: 0 ::
[2K:: Progress: [2672/4614] :: Job [1/1] :: 50 req/sec :: Duration: [0:00:57] :: Errors: 0 ::
[2K:: Progress: [2679/4614] :: Job [1/1] :: 50 req/sec :: Duration: [0:00:57] :: Errors: 0 ::
[2K:: Progress: [2685/4614] :: Job [1/1] :: 50 req/sec :: Duration: [0:00:57] :: Errors: 0 ::
[2K:: Progress: [2691/4614] :: Job [1/1] :: 50 req/sec :: Duration: [0:00:57] :: Errors: 0 ::
[2K:: Progress: [2697/4614] :: Job [1/1] :: 50 req/sec :: Duration: [0:00:58] :: Errors: 0 ::
[2K:: Progress: [2704/4614] :: Job [1/1] :: 50 req/sec :: Duration: [0:00:58] :: Errors: 0 ::
[2K:: Progress: [2710/4614] :: Job [1/1] :: 50 req/sec :: Duration: [0:00:58] :: Errors: 0 ::
[2K:: Progress: [2716/4614] :: Job [1/1] :: 50 req/sec :: Duration: [0:00:58] :: Errors: 0 ::
[2K:: Progress: [2723/4614] :: Job [1/1] :: 50 req/sec :: Duration: [0:00:58] :: Errors: 0 ::
[2K:: Progress: [2729/4614] :: Job [1/1] :: 50 req/sec :: Duration: [0:00:58] :: Errors: 0 ::
[2K:: Progress: [2735/4614] :: Job [1/1] :: 50 req/sec :: Duration: [0:00:58] :: Errors: 0 ::
[2K:: Progress: [2741/4614] :: Job [1/1] :: 50 req/sec :: Duration: [0:00:58] :: Errors: 0 ::
[2K:: Progress: [2748/4614] :: Job [1/1] :: 50 req/sec :: Duration: [0:00:59] :: Errors: 0 ::
[2K:: Progress: [2754/4614] :: Job [1/1] :: 50 req/sec :: Duration: [0:00:59] :: Errors: 0 ::
[2K:: Progress: [2760/4614] :: Job [1/1] :: 50 req/sec :: Duration: [0:00:59] :: Errors: 0 ::
[2K:: Progress: [2766/4614] :: Job [1/1] :: 50 req/sec :: Duration: [0:00:59] :: Errors: 0 ::
[2K:: Progress: [2773/4614] :: Job [1/1] :: 50 req/sec :: Duration: [0:00:59] :: Errors: 0 ::
[2K:: Progress: [2779/4614] :: Job [1/1] :: 50 req/sec :: Duration: [0:00:59] :: Errors: 0 ::
[2K:: Progress: [2785/4614] :: Job [1/1] :: 50 req/sec :: Duration: [0:00:59] :: Errors: 0 ::
[2K:: Progress: [2792/4614] :: Job [1/1] :: 50 req/sec :: Duration: [0:00:59] :: Errors: 0 ::
[2K:: Progress: [2798/4614] :: Job [1/1] :: 50 req/sec :: Duration: [0:01:00] :: Errors: 0 ::
[2K:: Progress: [2804/4614] :: Job [1/1] :: 50 req/sec :: Duration: [0:01:00] :: Errors: 0 ::
[2K:: Progress: [2811/4614] :: Job [1/1] :: 50 req/sec :: Duration: [0:01:00] :: Errors: 0 ::
[2K:: Progress: [2817/4614] :: Job [1/1] :: 50 req/sec :: Duration: [0:01:00] :: Errors: 0 ::
[2K:: Progress: [2823/4614] :: Job [1/1] :: 50 req/sec :: Duration: [0:01:00] :: Errors: 0 ::
[2K:: Progress: [2829/4614] :: Job [1/1] :: 50 req/sec :: Duration: [0:01:00] :: Errors: 0 ::
[2K:: Progress: [2836/4614] :: Job [1/1] :: 50 req/sec :: Duration: [0:01:00] :: Errors: 0 ::
[2K:: Progress: [2842/4614] :: Job [1/1] :: 50 req/sec :: Duration: [0:01:00] :: Errors: 0 ::
[2K:: Progress: [2848/4614] :: Job [1/1] :: 50 req/sec :: Duration: [0:01:01] :: Errors: 0 ::
[2K:: Progress: [2855/4614] :: Job [1/1] :: 50 req/sec :: Duration: [0:01:01] :: Errors: 0 ::
[2K:: Progress: [2861/4614] :: Job [1/1] :: 50 req/sec :: Duration: [0:01:01] :: Errors: 0 ::
[2K:: Progress: [2867/4614] :: Job [1/1] :: 50 req/sec :: Duration: [0:01:01] :: Errors: 0 ::
[2K:: Progress: [2873/4614] :: Job [1/1] :: 50 req/sec :: Duration: [0:01:01] :: Errors: 0 ::
[2K:: Progress: [2880/4614] :: Job [1/1] :: 49 req/sec :: Duration: [0:01:01] :: Errors: 0 ::
[2K:: Progress: [2886/4614] :: Job [1/1] :: 50 req/sec :: Duration: [0:01:01] :: Errors: 0 ::
[2K:: Progress: [2892/4614] :: Job [1/1] :: 50 req/sec :: Duration: [0:01:01] :: Errors: 0 ::
[2K:: Progress: [2899/4614] :: Job [1/1] :: 50 req/sec :: Duration: [0:01:02] :: Errors: 0 ::
[2K:: Progress: [2905/4614] :: Job [1/1] :: 49 req/sec :: Duration: [0:01:02] :: Errors: 0 ::
[2K:: Progress: [2911/4614] :: Job [1/1] :: 50 req/sec :: Duration: [0:01:02] :: Errors: 0 ::
[2K:: Progress: [2917/4614] :: Job [1/1] :: 50 req/sec :: Duration: [0:01:02] :: Errors: 0 ::
[2K:: Progress: [2924/4614] :: Job [1/1] :: 50 req/sec :: Duration: [0:01:02] :: Errors: 0 ::
[2K:: Progress: [2930/4614] :: Job [1/1] :: 50 req/sec :: Duration: [0:01:02] :: Errors: 0 ::
[2K:: Progress: [2931/4614] :: Job [1/1] :: 50 req/sec :: Duration: [0:01:02] :: Errors: 0 ::
[2K:: Progress: [2936/4614] :: Job [1/1] :: 50 req/sec :: Duration: [0:01:02] :: Errors: 0 ::
[2K:: Progress: [2943/4614] :: Job [1/1] :: 50 req/sec :: Duration: [0:01:02] :: Errors: 0 ::
[2K:: Progress: [2949/4614] :: Job [1/1] :: 50 req/sec :: Duration: [0:01:03] :: Errors: 0 ::
[2K:: Progress: [2955/4614] :: Job [1/1] :: 50 req/sec :: Duration: [0:01:03] :: Errors: 0 ::
[2K:: Progress: [2961/4614] :: Job [1/1] :: 50 req/sec :: Duration: [0:01:03] :: Errors: 0 ::
[2K:: Progress: [2968/4614] :: Job [1/1] :: 50 req/sec :: Duration: [0:01:03] :: Errors: 0 ::
[2K:: Progress: [2974/4614] :: Job [1/1] :: 49 req/sec :: Duration: [0:01:03] :: Errors: 0 ::
[2K:: Progress: [2977/4614] :: Job [1/1] :: 50 req/sec :: Duration: [0:01:03] :: Errors: 0 ::
[2K:: Progress: [2980/4614] :: Job [1/1] :: 50 req/sec :: Duration: [0:01:03] :: Errors: 0 ::
[2K:: Progress: [2987/4614] :: Job [1/1] :: 50 req/sec :: Duration: [0:01:03] :: Errors: 0 ::
[2K:: Progress: [2993/4614] :: Job [1/1] :: 50 req/sec :: Duration: [0:01:03] :: Errors: 0 ::
[2K:: Progress: [2999/4614] :: Job [1/1] :: 50 req/sec :: Duration: [0:01:04] :: Errors: 0 ::
[2K:: Progress: [3005/4614] :: Job [1/1] :: 50 req/sec :: Duration: [0:01:04] :: Errors: 0 ::
[2K:: Progress: [3007/4614] :: Job [1/1] :: 50 req/sec :: Duration: [0:01:04] :: Errors: 0 ::
[2K:: Progress: [3012/4614] :: Job [1/1] :: 50 req/sec :: Duration: [0:01:04] :: Errors: 0 ::
[2K:: Progress: [3018/4614] :: Job [1/1] :: 50 req/sec :: Duration: [0:01:04] :: Errors: 0 ::
[2K:: Progress: [3024/4614] :: Job [1/1] :: 50 req/sec :: Duration: [0:01:04] :: Errors: 0 ::
[2K:: Progress: [3031/4614] :: Job [1/1] :: 50 req/sec :: Duration: [0:01:04] :: Errors: 0 ::
[2K:: Progress: [3033/4614] :: Job [1/1] :: 50 req/sec :: Duration: [0:01:04] :: Errors: 0 ::
[2K:: Progress: [3037/4614] :: Job [1/1] :: 50 req/sec :: Duration: [0:01:04] :: Errors: 0 ::
[2K:: Progress: [3043/4614] :: Job [1/1] :: 49 req/sec :: Duration: [0:01:04] :: Errors: 0 ::
[2K:: Progress: [3049/4614] :: Job [1/1] :: 49 req/sec :: Duration: [0:01:05] :: Errors: 0 ::
[2K:: Progress: [3056/4614] :: Job [1/1] :: 50 req/sec :: Duration: [0:01:05] :: Errors: 0 ::
[2K:: Progress: [3062/4614] :: Job [1/1] :: 49 req/sec :: Duration: [0:01:05] :: Errors: 0 ::
[2K:: Progress: [3068/4614] :: Job [1/1] :: 50 req/sec :: Duration: [0:01:05] :: Errors: 0 ::
[2K:: Progress: [3074/4614] :: Job [1/1] :: 50 req/sec :: Duration: [0:01:05] :: Errors: 0 ::
[2K:: Progress: [3081/4614] :: Job [1/1] :: 49 req/sec :: Duration: [0:01:05] :: Errors: 0 ::
[2K:: Progress: [3083/4614] :: Job [1/1] :: 49 req/sec :: Duration: [0:01:05] :: Errors: 0 ::
[2K:: Progress: [3087/4614] :: Job [1/1] :: 50 req/sec :: Duration: [0:01:05] :: Errors: 0 ::
[2K:: Progress: [3093/4614] :: Job [1/1] :: 50 req/sec :: Duration: [0:01:05] :: Errors: 0 ::
[2K:: Progress: [3100/4614] :: Job [1/1] :: 50 req/sec :: Duration: [0:01:06] :: Errors: 0 ::
[2K:: Progress: [3106/4614] :: Job [1/1] :: 50 req/sec :: Duration: [0:01:06] :: Errors: 0 ::
[2K:: Progress: [3112/4614] :: Job [1/1] :: 50 req/sec :: Duration: [0:01:06] :: Errors: 0 ::
[2K:: Progress: [3119/4614] :: Job [1/1] :: 50 req/sec :: Duration: [0:01:06] :: Errors: 0 ::
[2K:: Progress: [3125/4614] :: Job [1/1] :: 50 req/sec :: Duration: [0:01:06] :: Errors: 0 ::
[2K:: Progress: [3131/4614] :: Job [1/1] :: 50 req/sec :: Duration: [0:01:06] :: Errors: 0 ::
[2K:: Progress: [3137/4614] :: Job [1/1] :: 50 req/sec :: Duration: [0:01:06] :: Errors: 0 ::
[2K:: Progress: [3144/4614] :: Job [1/1] :: 50 req/sec :: Duration: [0:01:06] :: Errors: 0 ::
[2K:: Progress: [3150/4614] :: Job [1/1] :: 51 req/sec :: Duration: [0:01:07] :: Errors: 0 ::
[2K:: Progress: [3156/4614] :: Job [1/1] :: 51 req/sec :: Duration: [0:01:07] :: Errors: 0 ::
[2K:: Progress: [3163/4614] :: Job [1/1] :: 50 req/sec :: Duration: [0:01:07] :: Errors: 0 ::
[2K:: Progress: [3169/4614] :: Job [1/1] :: 50 req/sec :: Duration: [0:01:07] :: Errors: 0 ::
[2K:: Progress: [3175/4614] :: Job [1/1] :: 50 req/sec :: Duration: [0:01:07] :: Errors: 0 ::
[2K:: Progress: [3182/4614] :: Job [1/1] :: 50 req/sec :: Duration: [0:01:07] :: Errors: 0 ::
[2K:: Progress: [3188/4614] :: Job [1/1] :: 50 req/sec :: Duration: [0:01:07] :: Errors: 0 ::
[2K:: Progress: [3194/4614] :: Job [1/1] :: 50 req/sec :: Duration: [0:01:07] :: Errors: 0 ::
[2K:: Progress: [3200/4614] :: Job [1/1] :: 50 req/sec :: Duration: [0:01:08] :: Errors: 0 ::
[2K:: Progress: [3207/4614] :: Job [1/1] :: 50 req/sec :: Duration: [0:01:08] :: Errors: 0 ::
[2K:: Progress: [3213/4614] :: Job [1/1] :: 50 req/sec :: Duration: [0:01:08] :: Errors: 0 ::
[2K:: Progress: [3219/4614] :: Job [1/1] :: 50 req/sec :: Duration: [0:01:08] :: Errors: 0 ::
[2K:: Progress: [3226/4614] :: Job [1/1] :: 50 req/sec :: Duration: [0:01:08] :: Errors: 0 ::
[2K:: Progress: [3232/4614] :: Job [1/1] :: 50 req/sec :: Duration: [0:01:08] :: Errors: 0 ::
[2K:: Progress: [3238/4614] :: Job [1/1] :: 50 req/sec :: Duration: [0:01:08] :: Errors: 0 ::
[2K:: Progress: [3244/4614] :: Job [1/1] :: 50 req/sec :: Duration: [0:01:08] :: Errors: 0 ::
[2K:: Progress: [3251/4614] :: Job [1/1] :: 50 req/sec :: Duration: [0:01:09] :: Errors: 0 ::
[2K:: Progress: [3257/4614] :: Job [1/1] :: 50 req/sec :: Duration: [0:01:09] :: Errors: 0 ::
[2K:: Progress: [3263/4614] :: Job [1/1] :: 50 req/sec :: Duration: [0:01:09] :: Errors: 0 ::
[2K:: Progress: [3269/4614] :: Job [1/1] :: 49 req/sec :: Duration: [0:01:09] :: Errors: 0 ::
[2K:: Progress: [3276/4614] :: Job [1/1] :: 50 req/sec :: Duration: [0:01:09] :: Errors: 0 ::
[2K:: Progress: [3282/4614] :: Job [1/1] :: 50 req/sec :: Duration: [0:01:09] :: Errors: 0 ::
[2K:: Progress: [3288/4614] :: Job [1/1] :: 50 req/sec :: Duration: [0:01:09] :: Errors: 0 ::
[2K:: Progress: [3295/4614] :: Job [1/1] :: 50 req/sec :: Duration: [0:01:09] :: Errors: 0 ::
[2K:: Progress: [3301/4614] :: Job [1/1] :: 50 req/sec :: Duration: [0:01:10] :: Errors: 0 ::
[2K:: Progress: [3307/4614] :: Job [1/1] :: 50 req/sec :: Duration: [0:01:10] :: Errors: 0 ::
[2K:: Progress: [3313/4614] :: Job [1/1] :: 50 req/sec :: Duration: [0:01:10] :: Errors: 0 ::
[2K:: Progress: [3320/4614] :: Job [1/1] :: 50 req/sec :: Duration: [0:01:10] :: Errors: 0 ::
[2K:: Progress: [3326/4614] :: Job [1/1] :: 50 req/sec :: Duration: [0:01:10] :: Errors: 0 ::
[2K:: Progress: [3333/4614] :: Job [1/1] :: 50 req/sec :: Duration: [0:01:10] :: Errors: 0 ::
[2K:: Progress: [3339/4614] :: Job [1/1] :: 50 req/sec :: Duration: [0:01:10] :: Errors: 0 ::
[2K:: Progress: [3345/4614] :: Job [1/1] :: 50 req/sec :: Duration: [0:01:10] :: Errors: 0 ::
[2K:: Progress: [3351/4614] :: Job [1/1] :: 50 req/sec :: Duration: [0:01:11] :: Errors: 0 ::
[2K:: Progress: [3358/4614] :: Job [1/1] :: 50 req/sec :: Duration: [0:01:11] :: Errors: 0 ::
[2K:: Progress: [3364/4614] :: Job [1/1] :: 50 req/sec :: Duration: [0:01:11] :: Errors: 0 ::
[2K:: Progress: [3370/4614] :: Job [1/1] :: 50 req/sec :: Duration: [0:01:11] :: Errors: 0 ::
[2K:: Progress: [3377/4614] :: Job [1/1] :: 50 req/sec :: Duration: [0:01:11] :: Errors: 0 ::
[2K:: Progress: [3383/4614] :: Job [1/1] :: 50 req/sec :: Duration: [0:01:11] :: Errors: 0 ::
[2K:: Progress: [3388/4614] :: Job [1/1] :: 50 req/sec :: Duration: [0:01:11] :: Errors: 0 ::
[2K:: Progress: [3395/4614] :: Job [1/1] :: 49 req/sec :: Duration: [0:01:11] :: Errors: 0 ::
[2K:: Progress: [3402/4614] :: Job [1/1] :: 50 req/sec :: Duration: [0:01:12] :: Errors: 0 ::
[2K:: Progress: [3408/4614] :: Job [1/1] :: 50 req/sec :: Duration: [0:01:12] :: Errors: 0 ::
[2K:: Progress: [3414/4614] :: Job [1/1] :: 50 req/sec :: Duration: [0:01:12] :: Errors: 0 ::
[2K:: Progress: [3421/4614] :: Job [1/1] :: 50 req/sec :: Duration: [0:01:12] :: Errors: 0 ::
[2K:: Progress: [3427/4614] :: Job [1/1] :: 50 req/sec :: Duration: [0:01:12] :: Errors: 0 ::
[2K:: Progress: [3433/4614] :: Job [1/1] :: 50 req/sec :: Duration: [0:01:12] :: Errors: 0 ::
[2K:: Progress: [3440/4614] :: Job [1/1] :: 50 req/sec :: Duration: [0:01:12] :: Errors: 0 ::
[2K:: Progress: [3446/4614] :: Job [1/1] :: 50 req/sec :: Duration: [0:01:12] :: Errors: 0 ::
[2K:: Progress: [3452/4614] :: Job [1/1] :: 50 req/sec :: Duration: [0:01:13] :: Errors: 0 ::
[2K:: Progress: [3458/4614] :: Job [1/1] :: 50 req/sec :: Duration: [0:01:13] :: Errors: 0 ::
[2K:: Progress: [3465/4614] :: Job [1/1] :: 50 req/sec :: Duration: [0:01:13] :: Errors: 0 ::
[2K:: Progress: [3471/4614] :: Job [1/1] :: 50 req/sec :: Duration: [0:01:13] :: Errors: 0 ::
[2K:: Progress: [3477/4614] :: Job [1/1] :: 50 req/sec :: Duration: [0:01:13] :: Errors: 0 ::
[2K:: Progress: [3484/4614] :: Job [1/1] :: 50 req/sec :: Duration: [0:01:13] :: Errors: 0 ::
[2K:: Progress: [3490/4614] :: Job [1/1] :: 50 req/sec :: Duration: [0:01:13] :: Errors: 0 ::
[2K:: Progress: [3496/4614] :: Job [1/1] :: 50 req/sec :: Duration: [0:01:14] :: Errors: 0 ::
[2K:: Progress: [3502/4614] :: Job [1/1] :: 50 req/sec :: Duration: [0:01:14] :: Errors: 0 ::
[2K:: Progress: [3509/4614] :: Job [1/1] :: 50 req/sec :: Duration: [0:01:14] :: Errors: 0 ::
[2K:: Progress: [3515/4614] :: Job [1/1] :: 50 req/sec :: Duration: [0:01:14] :: Errors: 0 ::
[2K:: Progress: [3521/4614] :: Job [1/1] :: 50 req/sec :: Duration: [0:01:14] :: Errors: 0 ::
[2K:: Progress: [3528/4614] :: Job [1/1] :: 50 req/sec :: Duration: [0:01:14] :: Errors: 0 ::
[2K:: Progress: [3534/4614] :: Job [1/1] :: 50 req/sec :: Duration: [0:01:14] :: Errors: 0 ::
[2K:: Progress: [3540/4614] :: Job [1/1] :: 50 req/sec :: Duration: [0:01:14] :: Errors: 0 ::
[2K:: Progress: [3546/4614] :: Job [1/1] :: 50 req/sec :: Duration: [0:01:15] :: Errors: 0 ::
[2K:: Progress: [3553/4614] :: Job [1/1] :: 50 req/sec :: Duration: [0:01:15] :: Errors: 0 ::
[2K:: Progress: [3559/4614] :: Job [1/1] :: 50 req/sec :: Duration: [0:01:15] :: Errors: 0 ::
[2K:: Progress: [3565/4614] :: Job [1/1] :: 50 req/sec :: Duration: [0:01:15] :: Errors: 0 ::
[2K:: Progress: [3572/4614] :: Job [1/1] :: 50 req/sec :: Duration: [0:01:15] :: Errors: 0 ::
[2K:: Progress: [3578/4614] :: Job [1/1] :: 50 req/sec :: Duration: [0:01:15] :: Errors: 0 ::
[2K:: Progress: [3584/4614] :: Job [1/1] :: 50 req/sec :: Duration: [0:01:15] :: Errors: 0 ::
[2K:: Progress: [3590/4614] :: Job [1/1] :: 50 req/sec :: Duration: [0:01:15] :: Errors: 0 ::
[2K:: Progress: [3597/4614] :: Job [1/1] :: 50 req/sec :: Duration: [0:01:16] :: Errors: 0 ::
[2K:: Progress: [3603/4614] :: Job [1/1] :: 50 req/sec :: Duration: [0:01:16] :: Errors: 0 ::
[2K:: Progress: [3609/4614] :: Job [1/1] :: 50 req/sec :: Duration: [0:01:16] :: Errors: 0 ::
[2K:: Progress: [3615/4614] :: Job [1/1] :: 50 req/sec :: Duration: [0:01:16] :: Errors: 0 ::
[2K:: Progress: [3622/4614] :: Job [1/1] :: 50 req/sec :: Duration: [0:01:16] :: Errors: 0 ::
[2K:: Progress: [3628/4614] :: Job [1/1] :: 50 req/sec :: Duration: [0:01:16] :: Errors: 0 ::
[2K:: Progress: [3634/4614] :: Job [1/1] :: 50 req/sec :: Duration: [0:01:16] :: Errors: 0 ::
[2K:: Progress: [3641/4614] :: Job [1/1] :: 51 req/sec :: Duration: [0:01:16] :: Errors: 0 ::
[2K:: Progress: [3647/4614] :: Job [1/1] :: 50 req/sec :: Duration: [0:01:17] :: Errors: 0 ::
[2K:: Progress: [3653/4614] :: Job [1/1] :: 50 req/sec :: Duration: [0:01:17] :: Errors: 0 ::
[2K:: Progress: [3659/4614] :: Job [1/1] :: 50 req/sec :: Duration: [0:01:17] :: Errors: 0 ::
[2K:: Progress: [3666/4614] :: Job [1/1] :: 50 req/sec :: Duration: [0:01:17] :: Errors: 0 ::
[2K:: Progress: [3672/4614] :: Job [1/1] :: 50 req/sec :: Duration: [0:01:17] :: Errors: 0 ::
[2K:: Progress: [3678/4614] :: Job [1/1] :: 50 req/sec :: Duration: [0:01:17] :: Errors: 0 ::
[2K:: Progress: [3685/4614] :: Job [1/1] :: 50 req/sec :: Duration: [0:01:17] :: Errors: 0 ::
[2K:: Progress: [3691/4614] :: Job [1/1] :: 50 req/sec :: Duration: [0:01:17] :: Errors: 0 ::
[2K:: Progress: [3697/4614] :: Job [1/1] :: 50 req/sec :: Duration: [0:01:18] :: Errors: 0 ::
[2K:: Progress: [3703/4614] :: Job [1/1] :: 50 req/sec :: Duration: [0:01:18] :: Errors: 0 ::
[2K:: Progress: [3710/4614] :: Job [1/1] :: 49 req/sec :: Duration: [0:01:18] :: Errors: 0 ::
[2K:: Progress: [3716/4614] :: Job [1/1] :: 50 req/sec :: Duration: [0:01:18] :: Errors: 0 ::
[2K:: Progress: [3722/4614] :: Job [1/1] :: 50 req/sec :: Duration: [0:01:18] :: Errors: 0 ::
[2K:: Progress: [3729/4614] :: Job [1/1] :: 50 req/sec :: Duration: [0:01:18] :: Errors: 0 ::
[2K:: Progress: [3735/4614] :: Job [1/1] :: 50 req/sec :: Duration: [0:01:18] :: Errors: 0 ::
[2K:: Progress: [3741/4614] :: Job [1/1] :: 50 req/sec :: Duration: [0:01:18] :: Errors: 0 ::
[2K:: Progress: [3748/4614] :: Job [1/1] :: 50 req/sec :: Duration: [0:01:19] :: Errors: 0 ::
[2K:: Progress: [3754/4614] :: Job [1/1] :: 50 req/sec :: Duration: [0:01:19] :: Errors: 0 ::
[2K:: Progress: [3760/4614] :: Job [1/1] :: 43 req/sec :: Duration: [0:01:19] :: Errors: 0 ::
[2K:: Progress: [3766/4614] :: Job [1/1] :: 43 req/sec :: Duration: [0:01:19] :: Errors: 0 ::
[2K:: Progress: [3773/4614] :: Job [1/1] :: 44 req/sec :: Duration: [0:01:19] :: Errors: 0 ::
[2K:: Progress: [3779/4614] :: Job [1/1] :: 43 req/sec :: Duration: [0:01:19] :: Errors: 0 ::
[2K:: Progress: [3785/4614] :: Job [1/1] :: 43 req/sec :: Duration: [0:01:19] :: Errors: 0 ::
[2K:: Progress: [3792/4614] :: Job [1/1] :: 43 req/sec :: Duration: [0:01:19] :: Errors: 0 ::
[2K:: Progress: [3798/4614] :: Job [1/1] :: 43 req/sec :: Duration: [0:01:20] :: Errors: 0 ::
[2K:: Progress: [3804/4614] :: Job [1/1] :: 43 req/sec :: Duration: [0:01:20] :: Errors: 0 ::
[2K:: Progress: [3810/4614] :: Job [1/1] :: 43 req/sec :: Duration: [0:01:20] :: Errors: 0 ::
[2K:: Progress: [3817/4614] :: Job [1/1] :: 44 req/sec :: Duration: [0:01:20] :: Errors: 0 ::
[2K:: Progress: [3823/4614] :: Job [1/1] :: 43 req/sec :: Duration: [0:01:20] :: Errors: 0 ::
[2K:: Progress: [3829/4614] :: Job [1/1] :: 43 req/sec :: Duration: [0:01:20] :: Errors: 0 ::
[2K:: Progress: [3836/4614] :: Job [1/1] :: 43 req/sec :: Duration: [0:01:20] :: Errors: 0 ::
[2K:: Progress: [3842/4614] :: Job [1/1] :: 44 req/sec :: Duration: [0:01:20] :: Errors: 0 ::
[2K:: Progress: [3848/4614] :: Job [1/1] :: 43 req/sec :: Duration: [0:01:21] :: Errors: 0 ::
[2K:: Progress: [3854/4614] :: Job [1/1] :: 43 req/sec :: Duration: [0:01:21] :: Errors: 0 ::
[2K:: Progress: [3861/4614] :: Job [1/1] :: 43 req/sec :: Duration: [0:01:21] :: Errors: 0 ::
[2K:: Progress: [3867/4614] :: Job [1/1] :: 43 req/sec :: Duration: [0:01:21] :: Errors: 0 ::
[2K:: Progress: [3873/4614] :: Job [1/1] :: 43 req/sec :: Duration: [0:01:21] :: Errors: 0 ::
[2K:: Progress: [3880/4614] :: Job [1/1] :: 43 req/sec :: Duration: [0:01:21] :: Errors: 0 ::
[2K:: Progress: [3887/4614] :: Job [1/1] :: 43 req/sec :: Duration: [0:01:21] :: Errors: 0 ::
[2K:: Progress: [3893/4614] :: Job [1/1] :: 43 req/sec :: Duration: [0:01:21] :: Errors: 0 ::
[2K:: Progress: [3899/4614] :: Job [1/1] :: 43 req/sec :: Duration: [0:01:22] :: Errors: 0 ::
[2K:: Progress: [3906/4614] :: Job [1/1] :: 43 req/sec :: Duration: [0:01:22] :: Errors: 0 ::
[2K:: Progress: [3912/4614] :: Job [1/1] :: 43 req/sec :: Duration: [0:01:22] :: Errors: 0 ::
[2K:: Progress: [3918/4614] :: Job [1/1] :: 43 req/sec :: Duration: [0:01:22] :: Errors: 0 ::
[2K:: Progress: [3925/4614] :: Job [1/1] :: 43 req/sec :: Duration: [0:01:22] :: Errors: 0 ::
[2K:: Progress: [3931/4614] :: Job [1/1] :: 44 req/sec :: Duration: [0:01:22] :: Errors: 0 ::
[2K:: Progress: [3937/4614] :: Job [1/1] :: 44 req/sec :: Duration: [0:01:22] :: Errors: 0 ::
[2K:: Progress: [3943/4614] :: Job [1/1] :: 43 req/sec :: Duration: [0:01:22] :: Errors: 0 ::
[2K:: Progress: [3950/4614] :: Job [1/1] :: 43 req/sec :: Duration: [0:01:23] :: Errors: 0 ::
[2K:: Progress: [3956/4614] :: Job [1/1] :: 43 req/sec :: Duration: [0:01:23] :: Errors: 0 ::
[2K:: Progress: [3962/4614] :: Job [1/1] :: 43 req/sec :: Duration: [0:01:23] :: Errors: 0 ::
[2K:: Progress: [3969/4614] :: Job [1/1] :: 43 req/sec :: Duration: [0:01:23] :: Errors: 0 ::
[2K:: Progress: [3975/4614] :: Job [1/1] :: 43 req/sec :: Duration: [0:01:23] :: Errors: 0 ::
[2K:: Progress: [3981/4614] :: Job [1/1] :: 43 req/sec :: Duration: [0:01:23] :: Errors: 0 ::
[2K:: Progress: [3988/4614] :: Job [1/1] :: 43 req/sec :: Duration: [0:01:23] :: Errors: 0 ::
[2K:: Progress: [3994/4614] :: Job [1/1] :: 43 req/sec :: Duration: [0:01:23] :: Errors: 0 ::
[2K:: Progress: [4000/4614] :: Job [1/1] :: 43 req/sec :: Duration: [0:01:24] :: Errors: 0 ::
[2K:: Progress: [4006/4614] :: Job [1/1] :: 50 req/sec :: Duration: [0:01:24] :: Errors: 0 ::
[2K:: Progress: [4009/4614] :: Job [1/1] :: 50 req/sec :: Duration: [0:01:24] :: Errors: 0 ::
[2K:: Progress: [4013/4614] :: Job [1/1] :: 50 req/sec :: Duration: [0:01:24] :: Errors: 0 ::
[2K:: Progress: [4019/4614] :: Job [1/1] :: 49 req/sec :: Duration: [0:01:24] :: Errors: 0 ::
[2K:: Progress: [4025/4614] :: Job [1/1] :: 50 req/sec :: Duration: [0:01:24] :: Errors: 0 ::
[2K:: Progress: [4031/4614] :: Job [1/1] :: 49 req/sec :: Duration: [0:01:24] :: Errors: 0 ::
[2K:: Progress: [4038/4614] :: Job [1/1] :: 50 req/sec :: Duration: [0:01:24] :: Errors: 0 ::
[2K:: Progress: [4044/4614] :: Job [1/1] :: 50 req/sec :: Duration: [0:01:24] :: Errors: 0 ::
[2K:: Progress: [4050/4614] :: Job [1/1] :: 50 req/sec :: Duration: [0:01:25] :: Errors: 0 ::
[2K:: Progress: [4057/4614] :: Job [1/1] :: 50 req/sec :: Duration: [0:01:25] :: Errors: 0 ::
[2K:: Progress: [4063/4614] :: Job [1/1] :: 50 req/sec :: Duration: [0:01:25] :: Errors: 0 ::
[2K:: Progress: [4069/4614] :: Job [1/1] :: 50 req/sec :: Duration: [0:01:25] :: Errors: 0 ::
[2K:: Progress: [4075/4614] :: Job [1/1] :: 50 req/sec :: Duration: [0:01:25] :: Errors: 0 ::
[2K:: Progress: [4082/4614] :: Job [1/1] :: 50 req/sec :: Duration: [0:01:25] :: Errors: 0 ::
[2K:: Progress: [4088/4614] :: Job [1/1] :: 50 req/sec :: Duration: [0:01:25] :: Errors: 0 ::
[2K:: Progress: [4094/4614] :: Job [1/1] :: 50 req/sec :: Duration: [0:01:25] :: Errors: 0 ::
[2K:: Progress: [4101/4614] :: Job [1/1] :: 50 req/sec :: Duration: [0:01:26] :: Errors: 0 ::
[2K:: Progress: [4104/4614] :: Job [1/1] :: 50 req/sec :: Duration: [0:01:26] :: Errors: 0 ::
[2K:: Progress: [4104/4614] :: Job [1/1] :: 50 req/sec :: Duration: [0:01:26] :: Errors: 0 ::
[2K:: Progress: [4104/4614] :: Job [1/1] :: 50 req/sec :: Duration: [0:01:26] :: Errors: 0 ::
[2K:: Progress: [4104/4614] :: Job [1/1] :: 50 req/sec :: Duration: [0:01:26] :: Errors: 0 ::
[2K:: Progress: [4104/4614] :: Job [1/1] :: 50 req/sec :: Duration: [0:01:26] :: Errors: 0 ::
[2K:: Progress: [4104/4614] :: Job [1/1] :: 50 req/sec :: Duration: [0:01:26] :: Errors: 0 ::
[2K:: Progress: [4104/4614] :: Job [1/1] :: 50 req/sec :: Duration: [0:01:26] :: Errors: 0 ::
[2K:: Progress: [4104/4614] :: Job [1/1] :: 50 req/sec :: Duration: [0:01:27] :: Errors: 0 ::
[2K:: Progress: [4104/4614] :: Job [1/1] :: 50 req/sec :: Duration: [0:01:27] :: Errors: 0 ::
[2K:: Progress: [4104/4614] :: Job [1/1] :: 50 req/sec :: Duration: [0:01:27] :: Errors: 0 ::
[2K:: Progress: [4104/4614] :: Job [1/1] :: 50 req/sec :: Duration: [0:01:27] :: Errors: 0 ::
[2K:: Progress: [4104/4614] :: Job [1/1] :: 50 req/sec :: Duration: [0:01:27] :: Errors: 0 ::
[2K:: Progress: [4104/4614] :: Job [1/1] :: 50 req/sec :: Duration: [0:01:27] :: Errors: 0 ::
[2K:: Progress: [4104/4614] :: Job [1/1] :: 50 req/sec :: Duration: [0:01:27] :: Errors: 0 ::
[2K:: Progress: [4104/4614] :: Job [1/1] :: 50 req/sec :: Duration: [0:01:27] :: Errors: 0 ::
[2K:: Progress: [4104/4614] :: Job [1/1] :: 50 req/sec :: Duration: [0:01:28] :: Errors: 0 ::
[2K:: Progress: [4104/4614] :: Job [1/1] :: 50 req/sec :: Duration: [0:01:28] :: Errors: 0 ::
[2K:: Progress: [4104/4614] :: Job [1/1] :: 50 req/sec :: Duration: [0:01:28] :: Errors: 0 ::
[2K:: Progress: [4104/4614] :: Job [1/1] :: 50 req/sec :: Duration: [0:01:28] :: Errors: 0 ::
[2K:: Progress: [4104/4614] :: Job [1/1] :: 50 req/sec :: Duration: [0:01:28] :: Errors: 0 ::
[2K:: Progress: [4104/4614] :: Job [1/1] :: 50 req/sec :: Duration: [0:01:28] :: Errors: 0 ::
[2K:: Progress: [4104/4614] :: Job [1/1] :: 50 req/sec :: Duration: [0:01:28] :: Errors: 0 ::
[2K:: Progress: [4104/4614] :: Job [1/1] :: 50 req/sec :: Duration: [0:01:28] :: Errors: 0 ::
[2K:: Progress: [4104/4614] :: Job [1/1] :: 50 req/sec :: Duration: [0:01:29] :: Errors: 0 ::
[2K:: Progress: [4104/4614] :: Job [1/1] :: 50 req/sec :: Duration: [0:01:29] :: Errors: 0 ::
[2K:: Progress: [4104/4614] :: Job [1/1] :: 50 req/sec :: Duration: [0:01:29] :: Errors: 0 ::
[2K:: Progress: [4104/4614] :: Job [1/1] :: 50 req/sec :: Duration: [0:01:29] :: Errors: 0 ::
[2K:: Progress: [4104/4614] :: Job [1/1] :: 50 req/sec :: Duration: [0:01:29] :: Errors: 0 ::
[2K:: Progress: [4104/4614] :: Job [1/1] :: 50 req/sec :: Duration: [0:01:29] :: Errors: 0 ::
[2K:: Progress: [4104/4614] :: Job [1/1] :: 50 req/sec :: Duration: [0:01:29] :: Errors: 0 ::
[2K:: Progress: [4104/4614] :: Job [1/1] :: 50 req/sec :: Duration: [0:01:29] :: Errors: 0 ::
[2K:: Progress: [4104/4614] :: Job [1/1] :: 50 req/sec :: Duration: [0:01:30] :: Errors: 0 ::
[2K:: Progress: [4104/4614] :: Job [1/1] :: 50 req/sec :: Duration: [0:01:30] :: Errors: 0 ::
[2K:: Progress: [4106/4614] :: Job [1/1] :: 25 req/sec :: Duration: [0:01:30] :: Errors: 0 ::
[2K:: Progress: [4111/4614] :: Job [1/1] :: 25 req/sec :: Duration: [0:01:30] :: Errors: 0 ::
[2K:: Progress: [4117/4614] :: Job [1/1] :: 26 req/sec :: Duration: [0:01:30] :: Errors: 0 ::
[2K:: Progress: [4123/4614] :: Job [1/1] :: 26 req/sec :: Duration: [0:01:30] :: Errors: 0 ::
[2K:: Progress: [4129/4614] :: Job [1/1] :: 26 req/sec :: Duration: [0:01:30] :: Errors: 0 ::
[2K:: Progress: [4136/4614] :: Job [1/1] :: 26 req/sec :: Duration: [0:01:30] :: Errors: 0 ::
[2K:: Progress: [4142/4614] :: Job [1/1] :: 26 req/sec :: Duration: [0:01:31] :: Errors: 0 ::
[2K:: Progress: [4148/4614] :: Job [1/1] :: 26 req/sec :: Duration: [0:01:31] :: Errors: 0 ::
[2K:: Progress: [4155/4614] :: Job [1/1] :: 26 req/sec :: Duration: [0:01:31] :: Errors: 0 ::
[2K:: Progress: [4155/4614] :: Job [1/1] :: 26 req/sec :: Duration: [0:01:31] :: Errors: 0 ::
[2K:: Progress: [4155/4614] :: Job [1/1] :: 26 req/sec :: Duration: [0:01:31] :: Errors: 0 ::
[2K:: Progress: [4155/4614] :: Job [1/1] :: 26 req/sec :: Duration: [0:01:31] :: Errors: 0 ::
[2K:: Progress: [4155/4614] :: Job [1/1] :: 26 req/sec :: Duration: [0:01:31] :: Errors: 0 ::
[2K:: Progress: [4155/4614] :: Job [1/1] :: 26 req/sec :: Duration: [0:01:31] :: Errors: 0 ::
[2K:: Progress: [4155/4614] :: Job [1/1] :: 26 req/sec :: Duration: [0:01:32] :: Errors: 0 ::
[2K:: Progress: [4155/4614] :: Job [1/1] :: 26 req/sec :: Duration: [0:01:32] :: Errors: 0 ::
[2K:: Progress: [4155/4614] :: Job [1/1] :: 26 req/sec :: Duration: [0:01:32] :: Errors: 0 ::
[2K:: Progress: [4155/4614] :: Job [1/1] :: 26 req/sec :: Duration: [0:01:32] :: Errors: 0 ::
[2K:: Progress: [4155/4614] :: Job [1/1] :: 26 req/sec :: Duration: [0:01:32] :: Errors: 0 ::
[2K:: Progress: [4155/4614] :: Job [1/1] :: 26 req/sec :: Duration: [0:01:32] :: Errors: 0 ::
[2K:: Progress: [4155/4614] :: Job [1/1] :: 26 req/sec :: Duration: [0:01:32] :: Errors: 0 ::
[2K:: Progress: [4155/4614] :: Job [1/1] :: 26 req/sec :: Duration: [0:01:32] :: Errors: 0 ::
[2K:: Progress: [4155/4614] :: Job [1/1] :: 26 req/sec :: Duration: [0:01:33] :: Errors: 0 ::
[2K:: Progress: [4155/4614] :: Job [1/1] :: 26 req/sec :: Duration: [0:01:33] :: Errors: 0 ::
[2K:: Progress: [4155/4614] :: Job [1/1] :: 26 req/sec :: Duration: [0:01:33] :: Errors: 0 ::
[2K:: Progress: [4155/4614] :: Job [1/1] :: 26 req/sec :: Duration: [0:01:33] :: Errors: 0 ::
[2K:: Progress: [4155/4614] :: Job [1/1] :: 26 req/sec :: Duration: [0:01:33] :: Errors: 0 ::
[2K:: Progress: [4155/4614] :: Job [1/1] :: 26 req/sec :: Duration: [0:01:33] :: Errors: 0 ::
[2K:: Progress: [4155/4614] :: Job [1/1] :: 26 req/sec :: Duration: [0:01:33] :: Errors: 0 ::
[2K:: Progress: [4155/4614] :: Job [1/1] :: 26 req/sec :: Duration: [0:01:33] :: Errors: 0 ::
[2K:: Progress: [4155/4614] :: Job [1/1] :: 26 req/sec :: Duration: [0:01:34] :: Errors: 0 ::
[2K:: Progress: [4155/4614] :: Job [1/1] :: 26 req/sec :: Duration: [0:01:34] :: Errors: 0 ::
[2K:: Progress: [4155/4614] :: Job [1/1] :: 26 req/sec :: Duration: [0:01:34] :: Errors: 0 ::
[2K:: Progress: [4155/4614] :: Job [1/1] :: 26 req/sec :: Duration: [0:01:34] :: Errors: 0 ::
[2K:: Progress: [4155/4614] :: Job [1/1] :: 26 req/sec :: Duration: [0:01:34] :: Errors: 0 ::
[2K:: Progress: [4155/4614] :: Job [1/1] :: 26 req/sec :: Duration: [0:01:34] :: Errors: 0 ::
[2K:: Progress: [4155/4614] :: Job [1/1] :: 26 req/sec :: Duration: [0:01:34] :: Errors: 0 ::
[2K:: Progress: [4155/4614] :: Job [1/1] :: 26 req/sec :: Duration: [0:01:34] :: Errors: 0 ::
[2K:: Progress: [4155/4614] :: Job [1/1] :: 26 req/sec :: Duration: [0:01:35] :: Errors: 0 ::
[2K:: Progress: [4155/4614] :: Job [1/1] :: 26 req/sec :: Duration: [0:01:35] :: Errors: 0 ::
[2K:: Progress: [4155/4614] :: Job [1/1] :: 26 req/sec :: Duration: [0:01:35] :: Errors: 0 ::
[2K:: Progress: [4157/4614] :: Job [1/1] :: 17 req/sec :: Duration: [0:01:35] :: Errors: 0 ::
[2K:: Progress: [4163/4614] :: Job [1/1] :: 18 req/sec :: Duration: [0:01:35] :: Errors: 0 ::
[2K:: Progress: [4170/4614] :: Job [1/1] :: 18 req/sec :: Duration: [0:01:35] :: Errors: 0 ::
[2K:: Progress: [4176/4614] :: Job [1/1] :: 18 req/sec :: Duration: [0:01:35] :: Errors: 0 ::
[2K:: Progress: [4182/4614] :: Job [1/1] :: 18 req/sec :: Duration: [0:01:35] :: Errors: 0 ::
[2K:: Progress: [4189/4614] :: Job [1/1] :: 18 req/sec :: Duration: [0:01:36] :: Errors: 0 ::
[2K:: Progress: [4195/4614] :: Job [1/1] :: 18 req/sec :: Duration: [0:01:36] :: Errors: 0 ::
[2K:: Progress: [4201/4614] :: Job [1/1] :: 18 req/sec :: Duration: [0:01:36] :: Errors: 0 ::
[2K:: Progress: [4207/4614] :: Job [1/1] :: 18 req/sec :: Duration: [0:01:36] :: Errors: 0 ::
[2K:: Progress: [4214/4614] :: Job [1/1] :: 18 req/sec :: Duration: [0:01:36] :: Errors: 0 ::
[2K:: Progress: [4220/4614] :: Job [1/1] :: 18 req/sec :: Duration: [0:01:36] :: Errors: 0 ::
[2K:: Progress: [4226/4614] :: Job [1/1] :: 18 req/sec :: Duration: [0:01:36] :: Errors: 0 ::
[2K:: Progress: [4233/4614] :: Job [1/1] :: 18 req/sec :: Duration: [0:01:36] :: Errors: 0 ::
[2K:: Progress: [4239/4614] :: Job [1/1] :: 18 req/sec :: Duration: [0:01:37] :: Errors: 0 ::
[2K:: Progress: [4245/4614] :: Job [1/1] :: 18 req/sec :: Duration: [0:01:37] :: Errors: 0 ::
[2K:: Progress: [4251/4614] :: Job [1/1] :: 18 req/sec :: Duration: [0:01:37] :: Errors: 0 ::
[2K:: Progress: [4258/4614] :: Job [1/1] :: 18 req/sec :: Duration: [0:01:37] :: Errors: 0 ::
[2K:: Progress: [4264/4614] :: Job [1/1] :: 18 req/sec :: Duration: [0:01:37] :: Errors: 0 ::
[2K:: Progress: [4270/4614] :: Job [1/1] :: 19 req/sec :: Duration: [0:01:37] :: Errors: 0 ::
[2K:: Progress: [4277/4614] :: Job [1/1] :: 18 req/sec :: Duration: [0:01:37] :: Errors: 0 ::
[2K:: Progress: [4283/4614] :: Job [1/1] :: 19 req/sec :: Duration: [0:01:37] :: Errors: 0 ::
[2K:: Progress: [4289/4614] :: Job [1/1] :: 19 req/sec :: Duration: [0:01:38] :: Errors: 0 ::
[2K:: Progress: [4296/4614] :: Job [1/1] :: 18 req/sec :: Duration: [0:01:38] :: Errors: 0 ::
[2K:: Progress: [4302/4614] :: Job [1/1] :: 18 req/sec :: Duration: [0:01:38] :: Errors: 0 ::
[2K:: Progress: [4308/4614] :: Job [1/1] :: 30 req/sec :: Duration: [0:01:38] :: Errors: 0 ::
[2K:: Progress: [4314/4614] :: Job [1/1] :: 30 req/sec :: Duration: [0:01:38] :: Errors: 0 ::
[2K:: Progress: [4321/4614] :: Job [1/1] :: 30 req/sec :: Duration: [0:01:38] :: Errors: 0 ::
[2K:: Progress: [4327/4614] :: Job [1/1] :: 29 req/sec :: Duration: [0:01:38] :: Errors: 0 ::
[2K:: Progress: [4333/4614] :: Job [1/1] :: 29 req/sec :: Duration: [0:01:38] :: Errors: 0 ::
[2K:: Progress: [4339/4614] :: Job [1/1] :: 29 req/sec :: Duration: [0:01:39] :: Errors: 0 ::
[2K:: Progress: [4346/4614] :: Job [1/1] :: 28 req/sec :: Duration: [0:01:39] :: Errors: 0 ::
[2K:: Progress: [4352/4614] :: Job [1/1] :: 28 req/sec :: Duration: [0:01:39] :: Errors: 0 ::
[2K:: Progress: [4358/4614] :: Job [1/1] :: 61 req/sec :: Duration: [0:01:39] :: Errors: 0 ::
[2K:: Progress: [4365/4614] :: Job [1/1] :: 60 req/sec :: Duration: [0:01:39] :: Errors: 0 ::
[2K:: Progress: [4371/4614] :: Job [1/1] :: 59 req/sec :: Duration: [0:01:39] :: Errors: 0 ::
[2K:: Progress: [4377/4614] :: Job [1/1] :: 57 req/sec :: Duration: [0:01:39] :: Errors: 0 ::
[2K:: Progress: [4384/4614] :: Job [1/1] :: 57 req/sec :: Duration: [0:01:39] :: Errors: 0 ::
[2K:: Progress: [4390/4614] :: Job [1/1] :: 56 req/sec :: Duration: [0:01:40] :: Errors: 0 ::
[2K:: Progress: [4396/4614] :: Job [1/1] :: 55 req/sec :: Duration: [0:01:40] :: Errors: 0 ::
[2K:: Progress: [4402/4614] :: Job [1/1] :: 54 req/sec :: Duration: [0:01:40] :: Errors: 0 ::
[2K:: Progress: [4409/4614] :: Job [1/1] :: 53 req/sec :: Duration: [0:01:40] :: Errors: 0 ::
[2K:: Progress: [4413/4614] :: Job [1/1] :: 52 req/sec :: Duration: [0:01:40] :: Errors: 0 ::
[2K:: Progress: [4415/4614] :: Job [1/1] :: 52 req/sec :: Duration: [0:01:40] :: Errors: 0 ::
[2K:: Progress: [4421/4614] :: Job [1/1] :: 51 req/sec :: Duration: [0:01:40] :: Errors: 0 ::
[2K:: Progress: [4428/4614] :: Job [1/1] :: 51 req/sec :: Duration: [0:01:40] :: Errors: 0 ::
[2K:: Progress: [4434/4614] :: Job [1/1] :: 50 req/sec :: Duration: [0:01:40] :: Errors: 0 ::
[2K:: Progress: [4440/4614] :: Job [1/1] :: 50 req/sec :: Duration: [0:01:41] :: Errors: 0 ::
[2K:: Progress: [4446/4614] :: Job [1/1] :: 50 req/sec :: Duration: [0:01:41] :: Errors: 0 ::
[2K:: Progress: [4453/4614] :: Job [1/1] :: 49 req/sec :: Duration: [0:01:41] :: Errors: 0 ::
[2K:: Progress: [4459/4614] :: Job [1/1] :: 50 req/sec :: Duration: [0:01:41] :: Errors: 0 ::
[2K:: Progress: [4466/4614] :: Job [1/1] :: 50 req/sec :: Duration: [0:01:41] :: Errors: 0 ::
[2K:: Progress: [4472/4614] :: Job [1/1] :: 50 req/sec :: Duration: [0:01:41] :: Errors: 0 ::
[2K:: Progress: [4478/4614] :: Job [1/1] :: 50 req/sec :: Duration: [0:01:41] :: Errors: 0 ::
[2K:: Progress: [4484/4614] :: Job [1/1] :: 50 req/sec :: Duration: [0:01:41] :: Errors: 0 ::
[2K:: Progress: [4491/4614] :: Job [1/1] :: 50 req/sec :: Duration: [0:01:42] :: Errors: 0 ::
[2K:: Progress: [4497/4614] :: Job [1/1] :: 50 req/sec :: Duration: [0:01:42] :: Errors: 0 ::
[2K:: Progress: [4503/4614] :: Job [1/1] :: 50 req/sec :: Duration: [0:01:42] :: Errors: 0 ::
[2K:: Progress: [4509/4614] :: Job [1/1] :: 50 req/sec :: Duration: [0:01:42] :: Errors: 0 ::
[2K:: Progress: [4516/4614] :: Job [1/1] :: 50 req/sec :: Duration: [0:01:42] :: Errors: 0 ::
[2K:: Progress: [4522/4614] :: Job [1/1] :: 49 req/sec :: Duration: [0:01:42] :: Errors: 0 ::
[2K:: Progress: [4528/4614] :: Job [1/1] :: 50 req/sec :: Duration: [0:01:42] :: Errors: 0 ::
[2K:: Progress: [4535/4614] :: Job [1/1] :: 50 req/sec :: Duration: [0:01:42] :: Errors: 0 ::
[2K:: Progress: [4541/4614] :: Job [1/1] :: 50 req/sec :: Duration: [0:01:43] :: Errors: 0 ::
[2K:: Progress: [4547/4614] :: Job [1/1] :: 50 req/sec :: Duration: [0:01:43] :: Errors: 0 ::
[2K:: Progress: [4553/4614] :: Job [1/1] :: 50 req/sec :: Duration: [0:01:43] :: Errors: 0 ::
[2K:: Progress: [4560/4614] :: Job [1/1] :: 50 req/sec :: Duration: [0:01:43] :: Errors: 0 ::
[2K:: Progress: [4566/4614] :: Job [1/1] :: 50 req/sec :: Duration: [0:01:43] :: Errors: 0 ::
[2K:: Progress: [4572/4614] :: Job [1/1] :: 50 req/sec :: Duration: [0:01:43] :: Errors: 0 ::
[2K:: Progress: [4579/4614] :: Job [1/1] :: 50 req/sec :: Duration: [0:01:43] :: Errors: 0 ::
[2K:: Progress: [4585/4614] :: Job [1/1] :: 50 req/sec :: Duration: [0:01:43] :: Errors: 0 ::
[2K:: Progress: [4591/4614] :: Job [1/1] :: 50 req/sec :: Duration: [0:01:44] :: Errors: 0 ::
[2K:: Progress: [4598/4614] :: Job [1/1] :: 50 req/sec :: Duration: [0:01:44] :: Errors: 0 ::
[2K:: Progress: [4604/4614] :: Job [1/1] :: 50 req/sec :: Duration: [0:01:44] :: Errors: 0 ::
[2K:: Progress: [4610/4614] :: Job [1/1] :: 50 req/sec :: Duration: [0:01:44] :: Errors: 0 ::
[2K:: Progress: [4614/4614] :: Job [1/1] :: 50 req/sec :: Duration: [0:01:44] :: Errors: 0 ::
[2K:: Progress: [4614/4614] :: Job [1/1] :: 50 req/sec :: Duration: [0:01:44] :: Errors: 0 ::
