[0m[31m [37m         [31m▄[1m▄▄[0;31m▄[37m     [1;32m█[0;32m█[37m
        [31m▄[1;41m▄▀[0;31m▀▀[1;41m▀▄[0;31m▄[37m [1;32m█[42m▀▄[0;32m█[1;42m▄[0;32m█[37m          [31m█[1;41m▄[0;31m▄▄[37m                             [1m▒[0m
 [31m▄▄[37m [31m█[1;41m▄[0;31m█[37m [1;31m▀[0;31m▀▄[1m▄[0;31m▄[37m [31m▀[1;41m▀[32;42m▀▄▄[0;32m██▀▀▀▀▀[37m     [31m▄█[1;41m▄[40m█[41m▄▄[0;31m█▄[37m                  [31m▄▄▄[37m     [1m▒█▒[0m
[31m█[1m█[41m▄[0;31m▄▀[1;41m▀[40m█[0;31m█[37m  [31m█[1m█[0;31m█[37m [1;32m▄[0;31m▄▄▄▄▄▄[1;41m▄▄▄▄▄[0;31m█[32m▄[37m  [31m██[1m█[0;31m█[1m█[0;31m▀▀[1;41m▀▄[0;31m█[37m [31m▄[1m▄[41m▄[40m▓[0;31m█[37m [31m▄▄ [30m    [31m▄█[1;41m▄▀[40m▓[41m▄[0;31m█▄[37m    [1m▒[0m       [31m▄▄[37m
[31m▀█[1;41m▀▄[0;31m▌▐[1m█[41m▌[0;31m█[37m [31m█[1m▓[0;31m█[37m [31m█[1m█[41m▀▀▀▀[40m█[0;31m█▀██[1m▓[0;31m█[37m [32m█[31m█[1;41m▄▀[0;31m▀▐[1m▓[0m [31m▄█[1m▓[0;31m▌[37m [1;31;41m▀[0;31m▀█[1m▓[0;31m█[37m [31m█[1m▓[0;31m█ ▄[37m  [1;31;41m▀[0m [31m█[1;41m▄▀[0;31m▀[1;41m▀▄[0m    [31m▄▄[37m   [31m▄[1m▄[0;31m▄[1;41m▄▄[0;31m█▄[37m
 [31m▐█[1m█[0;31m▌▐[1m█[0;31m█▀[37m [31m▀[1m▀[0;31m▀[37m [31m█[1m▓[0;31m█[30m [31m█[1;41m▄[40m▓[0;31m▀[37m [31m█[1;41m▀[0;31m▀▄▄▄▄▄▄[37m [31m▐[1m▓[0;31m▄█[1m▓[41m▄▄[0;31m█▄[37m [31m█[1m█[0;31m█▄[1;41m▄▀[0;31m █[1m█[41m▄[0;31m█[37m [31m▄[1;41m▄▀[0m   [31m [37m   [1;31;41m▄▀[0m [1;31;41m▀[0m  [31m▀█[1m█[0;31m█▀[1;41m▀▄[0;31m█▄[37m
  [31m▐[1;41m▀[40m███[41m▄▄▄▄[0;31m█▄[32m▀▄[31m▀▀[30m [31m█[1m█[0;31m█[1m▄[0;31m▄[37m [31m▄█[1;41m▄▀▀▀▀[40m▓[0;31m██[1m█[41m▄▀[0;31m█[1;41m▀▀[40m▓[0;31m█[37m [31m▀█[1;41m▀▀[0;31m█ [37m [31m█[1m▓[0;31m [1;41m▀▄[0;31m█[1m▓[0;31m█[37m  [1;31;41m▄[40m▓[0;31m█[37m [31m█[1m█▀[41m▀▀[0m [31m▄[37m [31m▐[1m▓[0;31m█[37m [31m▀█[1;41m▀[0;31m▀[37m
  [31m▐█[1m▓[41m▄[0;31m█▀▀▀[1;41m▀▀[40m█[0;31m█[37m [1;32;42m▀▄[0;30m [31m▐[1m▓[41m▀[0;31m▀[37m [31m█[1;41m▄▀[0;31m▀[1;41m▀▄▄▀▀[0;31m██[1m█[0;31m█▀[37m  [31m█[1m▓[0;31m▌        ▐[1;41m▀[0;31m [37m [31m█[1m█[41m▀[0;31m ▄[37m [31m▀[1m▓[0;31m█[37m [31m█[1m▓[0;31m▄[37m [31m▄[1;41m▄▀[0m [31m▐[1m▓[0;31m▌[37m
   [31m▐█[1m█[0;31m█▄[30m  [31m▐[1;41m▄[40m█[0;31m█[37m [1;32;42m▄[0;32m█[30m [1;31;41m▄[0;31m█▌  █[1;41m▀▄[0;31m▄▄[37m [31m▀▀[30m [37m [31m▐[1m█[0;31m█[37m   [31m▐[1;41m▀▄[0;30m [31m▄█[1m▓[0;31m█[37m  [31m▄[1m▄[0;31m█▄[37m [31m█[1m█[0;31m [1;41m▀▄▄[0;31m▄[1;41m▀▄[0m [31m▀[1;41m▀▄▄▀[0;31m▀[37m [31m▄[1;41m▄▀[0m
    [31m▐[1;41m▀[40m▓[0;31m█[37m  [31m█[1m▓[0;31m██▄▄▄██[1m█[41m▄[0;31m█[37m  [31m▀█[1;41m▀▄[0;31m█[37m [31m▄█[1;41m▄▄[40m▓[0;31m█[37m    [31m▀▀▀[1;41m▀▄[40m█[41m▄[0;31m▄▄▄[1;41m▄▀▄[0;31m▄[37m [31m▀[37m [31m█[1m▓[0;31m█[1m▀[41m▄[40m█[0;31m▌[37m    [1;31;41m▄▀[0;31m▄[1m█[0;31m█[37m
     [31m█[1;41m▀[0;31m█[37m [31m█[1m█[41m▀▀▀▀▀▀▀▀▀[40m▓[0;31m█[37m [32m██[37m [31m▀▀▀[37m [31m█[1m█[0;31m█▀[1m▓[0;31m█[37m      [1;31;41m▄▀[0;31m█▀▀[1m▀[41m▀▀[0;31m▀[37m [31m▀[1;41m▀[0m   [31m▐[1m▓[0;31m█[37m  [1;31;41m▀[0;31m▌[37m  [1;31m▄[41m▀▄▄▀[0;31m█[37m
         [31m▀▀[37m   [1;32m██[0;32m█[37m [31m█[1;41m▀[0;31m▀[32m▄▄█[37m      [31m▀[1m▓[0;31m▀[37m                        [31m▐[1;41m▀[0;31m▀[37m      [31m▀[1;41m▀▄[0;31m█▀[37m
     [1m▒[0m          [1;32;42m▀[0;32m█[1m▄[0;32m▄██[37m                                              [31m▀▀[37m
    [1m▒█▒[0m          [32m▀[1;42m▄[0;32m█▀[37m       [30m           [37m
     [1m▒[0m             [1;32m▀[0;30m          [37m      [30m            [37m





   0% |     | (26/9691, 166 it/s) [0s:58s]
                                          

   0% |     | (33/9691, 148 it/s) [0s:1m5s]
                                           

   0% |     | (38/9691, 127 it/s) [0s:1m15s]
                                            

   0% |     | (46/9691, 125 it/s) [0s:1m17s]
                                            

   0% |     | (53/9691, 122 it/s) [0s:1m18s]
                                            

   0% |     | (61/9691, 122 it/s) [0s:1m19s]
                                            

   0% |     | (72/9691, 122 it/s) [0s:1m19s]
                                            

   0% |     | (83/9691, 122 it/s) [0s:1m19s]
                                            

   0% |     | (91/9691, 122 it/s) [0s:1m18s]
                                            

   1% |     | (101/9691, 122 it/s) [0s:1m18s]
                                             

   1% |     | (113/9691, 122 it/s) [0s:1m18s]
                                             

   1% |     | (124/9691, 122 it/s) [0s:1m18s]
                                             

   1% |     | (133/9691, 131 it/s) [1s:1m12s]
                                             

   1% |     | (149/9691, 131 it/s) [1s:1m12s]
                                             

   1% |     | (159/9691, 131 it/s) [1s:1m12s]
                                             

   1% |     | (173/9691, 131 it/s) [1s:1m12s]
                                             

   1% |     | (179/9691, 131 it/s) [1s:1m12s]
                                             

   1% |     | (188/9691, 131 it/s) [1s:1m12s]
                                             

   2% |     | (200/9691, 131 it/s) [1s:1m12s]
                                             

   2% |     | (208/9691, 136 it/s) [1s:1m9s]
                                             

   2% |     | (223/9691, 136 it/s) [1s:1m9s]
                                             

   2% |     | (234/9691, 136 it/s) [1s:1m9s]
                                             

   2% |     | (244/9691, 136 it/s) [1s:1m9s]
                                             

   2% |     | (253/9691, 136 it/s) [1s:1m9s]
                                             

   2% |     | (265/9691, 136 it/s) [1s:1m9s]
                                             

   2% |     | (277/9691, 136 it/s) [1s:1m9s]
                                             

   2% |     | (289/9691, 136 it/s) [2s:1m9s]
                                             

   3% |     | (303/9691, 143 it/s) [2s:1m5s]
                                             

   3% |     | (313/9691, 143 it/s) [2s:1m5s]
                                             

   3% |     | (330/9691, 143 it/s) [2s:1m5s]
                                             

   3% |     | (346/9691, 143 it/s) [2s:1m5s]
                                             

   3% |     | (358/9691, 143 it/s) [2s:1m5s]
                                             

   3% |     | (370/9691, 143 it/s) [2s:1m4s]
                                             

   3% |     | (382/9691, 146 it/s) [2s:1m3s]
                                             

   4% |     | (395/9691, 146 it/s) [2s:1m3s]
                                             

   4% |     | (405/9691, 146 it/s) [2s:1m3s]
                                             

   4% |     | (419/9691, 146 it/s) [2s:1m3s]
                                             

   4% |     | (434/9691, 146 it/s) [2s:1m3s]
                                             

   4% |     | (443/9691, 146 it/s) [2s:1m3s]
                                             

   4% |     | (465/9691, 146 it/s) [3s:1m3s]
                                             

   4% |     | (472/9691, 146 it/s) [3s:1m3s]
                                             

   5% |     | (486/9691, 153 it/s) [3s:1m0s]
                                             

   5% |     | (493/9691, 153 it/s) [3s:1m0s]
                                             

   5% |     | (503/9691, 153 it/s) [3s:1m0s]
                                             

   5% |     | (514/9691, 153 it/s) [3s:1m0s]
                                             

   5% |     | (522/9691, 153 it/s) [3s:1m0s]
                                             

   5% |     | (527/9691, 153 it/s) [3s:1m0s]
                                             

   5% |     | (535/9691, 153 it/s) [3s:1m0s]
                                             

   5% |     | (542/9691, 147 it/s) [3s:1m2s]
                                             

   5% |     | (548/9691, 147 it/s) [3s:1m2s]
                                             

   5% |     | (554/9691, 147 it/s) [3s:1m2s]
                                             

   5% |     | (557/9691, 147 it/s) [4s:1m2s]
                                             

   5% |     | (559/9691, 147 it/s) [4s:1m2s]
                                             

   5% |     | (560/9691, 133 it/s) [4s:1m8s]
                                             

   5% |     | (561/9691, 133 it/s) [4s:1m8s]
                                             

   5% |     | (562/9691, 133 it/s) [4s:1m8s]
                                             

   5% |     | (563/9691, 133 it/s) [4s:1m8s]
                                             

   5% |     | (564/9691, 119 it/s) [5s:1m16s]
                                             

   5% |     | (566/9691, 119 it/s) [5s:1m16s]
                                             

   5% |     | (575/9691, 119 it/s) [5s:1m16s]
                                             

   6% |     | (587/9691, 119 it/s) [5s:1m16s]
                                             

   6% |     | (597/9691, 119 it/s) [5s:1m16s]
                                             

   6% |     | (608/9691, 119 it/s) [5s:1m16s]
                                             

   6% |     | (617/9691, 119 it/s) [5s:1m16s]
                                             

   6% |     | (630/9691, 119 it/s) [5s:1m15s]
                                             

   6% |     | (642/9691, 119 it/s) [5s:1m15s]
                                             

   6% |     | (656/9691, 119 it/s) [5s:1m15s]
                                             

   6% |     | (672/9691, 119 it/s) [5s:1m15s]
                                             

   7% |     | (687/9691, 119 it/s) [5s:1m15s]
                                             

   7% |     | (704/9691, 119 it/s) [5s:1m15s]
                                             

   7% |     | (717/9691, 119 it/s) [6s:1m15s]
                                             

   7% |     | (732/9691, 126 it/s) [6s:1m11s]
                                             

   7% |     | (748/9691, 126 it/s) [6s:1m10s]
                                             

   7% |     | (763/9691, 126 it/s) [6s:1m10s]
                                             

   8% |     | (776/9691, 126 it/s) [6s:1m10s]
                                             

   8% |     | (796/9691, 126 it/s) [6s:1m10s]
                                             

   8% |     | (814/9691, 126 it/s) [6s:1m10s]
                                             

   8% |     | (829/9691, 126 it/s) [6s:1m10s]
                                             

   8% |     | (848/9691, 134 it/s) [6s:1m6s]
                                             

   8% |     | (859/9691, 134 it/s) [6s:1m5s]
                                             

   9% |     | (874/9691, 134 it/s) [6s:1m5s]
                                             

   9% |     | (892/9691, 134 it/s) [6s:1m5s]
                                             

   9% |     | (908/9691, 134 it/s) [6s:1m5s]
                                             

   9% |     | (924/9691, 134 it/s) [6s:1m5s]
                                             

   9% |     | (942/9691, 134 it/s) [7s:1m5s]
                                             

   9% |     | (959/9691, 142 it/s) [7s:1m1s]
                                             

  10% |     | (983/9691, 142 it/s) [7s:1m1s]
                                             

  10% |     | (993/9691, 142 it/s) [7s:1m1s]
                                             

  10% |     | (1009/9691, 142 it/s) [7s:1m1s]
                                             

  10% |     | (1025/9691, 142 it/s) [7s:1m0s]
                                             

  10% |     | (1040/9691, 142 it/s) [7s:1m0s]
                                             

  10% |     | (1060/9691, 142 it/s) [7s:1m0s]
                                             

  11% |     | (1075/9691, 150 it/s) [7s:57s]
                                             

  11% |     | (1094/9691, 150 it/s) [7s:57s]
                                             

  11% |     | (1114/9691, 150 it/s) [7s:57s]
                                             

  11% |     | (1136/9691, 150 it/s) [7s:57s]
                                             

  11% |     | (1148/9691, 150 it/s) [7s:56s]
                                             

  12% |     | (1166/9691, 150 it/s) [8s:56s]
                                             

  12% |     | (1181/9691, 150 it/s) [8s:56s]
                                             

  12% |     | (1198/9691, 158 it/s) [8s:53s]
                                             

  12% |     | (1216/9691, 158 it/s) [8s:53s]
                                             

  12% |     | (1231/9691, 158 it/s) [8s:53s]
                                             

  12% |     | (1249/9691, 158 it/s) [8s:53s]
                                             

  13% |     | (1268/9691, 158 it/s) [8s:53s]
                                             

  13% |     | (1281/9691, 158 it/s) [8s:53s]
                                             

  13% |     | (1305/9691, 158 it/s) [8s:53s]
                                             

  13% |     | (1317/9691, 163 it/s) [8s:51s]
                                             

  13% |     | (1333/9691, 163 it/s) [8s:51s]
                                             

  13% |     | (1351/9691, 163 it/s) [8s:51s]
                                             

  14% |     | (1372/9691, 163 it/s) [8s:50s]
                                             

  14% |     | (1382/9691, 163 it/s) [8s:50s]
                                             

  14% |     | (1403/9691, 163 it/s) [9s:50s]
                                             

  14% |     | (1420/9691, 163 it/s) [9s:50s]
                                             

  14% |     | (1434/9691, 175 it/s) [9s:47s]
                                             

  15% |     | (1455/9691, 175 it/s) [9s:47s]
                                             

  15% |     | (1471/9691, 175 it/s) [9s:46s]
                                             

  15% |     | (1491/9691, 175 it/s) [9s:46s]
                                             

  15% |     | (1504/9691, 175 it/s) [9s:46s]
                                             

  15% |     | (1521/9691, 175 it/s) [9s:46s]
                                             

  15% |     | (1542/9691, 175 it/s) [9s:46s]
                                             

  16% |     | (1558/9691, 195 it/s) [9s:41s]
                                             

  16% |     | (1571/9691, 195 it/s) [9s:41s]
                                             

  16% |     | (1593/9691, 195 it/s) [9s:41s]
                                             

  16% |     | (1614/9691, 195 it/s) [9s:41s]
                                             

  16% |     | (1621/9691, 195 it/s) [9s:41s]
                                             

  16% |     | (1642/9691, 195 it/s) [10s:41s]
                                             

  17% |     | (1659/9691, 195 it/s) [10s:41s]
                                             

  17% |     | (1679/9691, 219 it/s) [10s:36s]
                                             

  17% |     | (1690/9691, 219 it/s) [10s:36s]
                                             

  17% |     | (1715/9691, 219 it/s) [10s:36s]
                                             

  17% |     | (1737/9691, 219 it/s) [10s:36s]
                                             

  18% |     | (1754/9691, 219 it/s) [10s:36s]
                                             

  18% |     | (1771/9691, 219 it/s) [10s:36s]
                                             

  18% |     | (1791/9691, 219 it/s) [10s:36s]
                                             

  18% |     | (1801/9691, 229 it/s) [10s:34s]
                                             

  18% |     | (1820/9691, 229 it/s) [10s:34s]
                                             

  18% |     | (1835/9691, 229 it/s) [10s:34s]
                                             

  19% |     | (1851/9691, 229 it/s) [10s:34s]
                                             

  19% |     | (1870/9691, 229 it/s) [10s:34s]
                                             

  19% |     | (1882/9691, 229 it/s) [11s:34s]
                                             

  19% |     | (1902/9691, 229 it/s) [11s:33s]
                                             

  19% |     | (1920/9691, 235 it/s) [11s:33s]
                                             

  19% |     | (1932/9691, 235 it/s) [11s:33s]
                                             

  20% |█    | (1950/9691, 235 it/s) [11s:32s]
                                             

  20% |█    | (1964/9691, 235 it/s) [11s:32s]
                                             

  20% |█    | (1979/9691, 235 it/s) [11s:32s]
                                             

  20% |█    | (2004/9691, 235 it/s) [11s:32s]
                                             

  20% |█    | (2021/9691, 235 it/s) [11s:32s]
                                             

  21% |█    | (2041/9691, 237 it/s) [11s:32s]
                                             

  21% |█    | (2061/9691, 237 it/s) [11s:32s]
                                             

  21% |█    | (2071/9691, 237 it/s) [11s:32s]
                                             

  21% |█    | (2089/9691, 237 it/s) [11s:32s]
                                             

  21% |█    | (2112/9691, 237 it/s) [11s:31s]
                                             

  21% |█    | (2128/9691, 237 it/s) [12s:31s]
                                             

  22% |█    | (2146/9691, 237 it/s) [12s:31s]
                                             

  22% |█    | (2164/9691, 239 it/s) [12s:31s]
                                             

  22% |█    | (2174/9691, 239 it/s) [12s:31s]
                                             

  22% |█    | (2193/9691, 239 it/s) [12s:31s]
                                             

  22% |█    | (2209/9691, 239 it/s) [12s:31s]
                                             

  22% |█    | (2224/9691, 239 it/s) [12s:31s]
                                             

  23% |█    | (2245/9691, 239 it/s) [12s:31s]
                                             

  23% |█    | (2263/9691, 232 it/s) [12s:32s]
                                             

  23% |█    | (2283/9691, 232 it/s) [12s:31s]
                                             

  23% |█    | (2298/9691, 232 it/s) [12s:31s]
                                             

  23% |█    | (2321/9691, 232 it/s) [12s:31s]
                                             

  24% |█    | (2338/9691, 232 it/s) [13s:31s]
                                             

  24% |█    | (2356/9691, 232 it/s) [13s:31s]
                                             

  24% |█    | (2372/9691, 232 it/s) [13s:31s]
                                             

  24% |█    | (2386/9691, 232 it/s) [13s:31s]
                                             

  24% |█    | (2408/9691, 232 it/s) [13s:31s]
                                             

  25% |█    | (2426/9691, 232 it/s) [13s:31s]
                                             

  25% |█    | (2444/9691, 232 it/s) [13s:31s]
                                             

  25% |█    | (2459/9691, 232 it/s) [13s:31s]
                                             

  25% |█    | (2482/9691, 232 it/s) [13s:31s]
                                             

  25% |█    | (2504/9691, 234 it/s) [13s:30s]
                                             

  26% |█    | (2522/9691, 234 it/s) [13s:30s]
                                             

  26% |█    | (2532/9691, 234 it/s) [13s:30s]
                                             

  26% |█    | (2552/9691, 234 it/s) [13s:30s]
                                             

  26% |█    | (2571/9691, 234 it/s) [13s:30s]
                                             

  26% |█    | (2582/9691, 234 it/s) [14s:30s]
                                             

  26% |█    | (2601/9691, 234 it/s) [14s:30s]
                                             

  26% |█    | (2614/9691, 233 it/s) [14s:30s]
                                             

  27% |█    | (2637/9691, 233 it/s) [14s:30s]
                                             

  27% |█    | (2653/9691, 233 it/s) [14s:30s]
                                             

  27% |█    | (2675/9691, 233 it/s) [14s:30s]
                                             

  27% |█    | (2688/9691, 233 it/s) [14s:30s]
                                             

  27% |█    | (2706/9691, 233 it/s) [14s:30s]
                                             

  28% |█    | (2723/9691, 233 it/s) [14s:29s]
                                             

  28% |█    | (2741/9691, 232 it/s) [14s:29s]
                                             

  28% |█    | (2758/9691, 232 it/s) [14s:29s]
                                             

  28% |█    | (2773/9691, 232 it/s) [14s:29s]
                                             

  28% |█    | (2794/9691, 232 it/s) [14s:29s]
                                             

  29% |█    | (2812/9691, 232 it/s) [15s:29s]
                                             

  29% |█    | (2831/9691, 232 it/s) [15s:29s]
                                             

  29% |█    | (2851/9691, 232 it/s) [15s:29s]
                                             

  29% |█    | (2870/9691, 233 it/s) [15s:29s]
                                             

  29% |█    | (2886/9691, 233 it/s) [15s:29s]
                                             

  29% |█    | (2903/9691, 233 it/s) [15s:29s]
                                             

  30% |█    | (2920/9691, 233 it/s) [15s:29s]
                                             

  30% |█    | (2934/9691, 233 it/s) [15s:28s]
                                             

  30% |█    | (2951/9691, 233 it/s) [15s:28s]
                                             

  30% |█    | (2969/9691, 233 it/s) [15s:28s]
                                             

  30% |█    | (2982/9691, 233 it/s) [15s:28s]
                                             

  30% |█    | (2998/9691, 233 it/s) [15s:28s]
                                             

  31% |█    | (3016/9691, 233 it/s) [15s:28s]
                                             

  31% |█    | (3030/9691, 233 it/s) [15s:28s]
                                             

  31% |█    | (3048/9691, 233 it/s) [16s:28s]
                                             

  31% |█    | (3064/9691, 233 it/s) [16s:28s]
                                             

  31% |█    | (3085/9691, 233 it/s) [16s:28s]
                                             

  32% |█    | (3105/9691, 230 it/s) [16s:28s]
                                             

  32% |█    | (3120/9691, 230 it/s) [16s:28s]
                                             

  32% |█    | (3136/9691, 230 it/s) [16s:28s]
                                             

  32% |█    | (3150/9691, 230 it/s) [16s:28s]
                                             

  32% |█    | (3165/9691, 230 it/s) [16s:28s]
                                             

  32% |█    | (3184/9691, 230 it/s) [16s:28s]
                                             

  33% |█    | (3200/9691, 230 it/s) [16s:28s]
                                             

  33% |█    | (3215/9691, 229 it/s) [16s:28s]
                                             

  33% |█    | (3235/9691, 229 it/s) [16s:28s]
                                             

  33% |█    | (3250/9691, 229 it/s) [16s:28s]
                                             

  33% |█    | (3265/9691, 229 it/s) [17s:28s]
                                             

  33% |█    | (3283/9691, 229 it/s) [17s:27s]
                                             

  34% |█    | (3299/9691, 229 it/s) [17s:27s]
                                             

  34% |█    | (3319/9691, 229 it/s) [17s:27s]
                                             

  34% |█    | (3335/9691, 229 it/s) [17s:27s]
                                             

  34% |█    | (3359/9691, 229 it/s) [17s:27s]
                                             

  34% |█    | (3373/9691, 229 it/s) [17s:27s]
                                             

  35% |█    | (3392/9691, 229 it/s) [17s:27s]
                                             

  35% |█    | (3414/9691, 229 it/s) [17s:27s]
                                             

  35% |█    | (3423/9691, 229 it/s) [17s:27s]
                                             

  35% |█    | (3442/9691, 229 it/s) [17s:27s]
                                             

  35% |█    | (3459/9691, 234 it/s) [17s:26s]
                                             

  35% |█    | (3473/9691, 234 it/s) [17s:26s]
                                             

  36% |█    | (3492/9691, 234 it/s) [17s:26s]
                                             

  36% |█    | (3509/9691, 234 it/s) [18s:26s]
                                             

  36% |█    | (3524/9691, 234 it/s) [18s:26s]
                                             

  36% |█    | (3546/9691, 234 it/s) [18s:26s]
                                             

  36% |█    | (3566/9691, 234 it/s) [18s:26s]
                                             

  36% |█    | (3583/9691, 235 it/s) [18s:26s]
                                             

  37% |█    | (3600/9691, 235 it/s) [18s:25s]
                                             

  37% |█    | (3618/9691, 235 it/s) [18s:25s]
                                             

  37% |█    | (3635/9691, 235 it/s) [18s:25s]
                                             

  37% |█    | (3652/9691, 235 it/s) [18s:25s]
                                             

  37% |█    | (3669/9691, 235 it/s) [18s:25s]
                                             

  38% |█    | (3690/9691, 235 it/s) [18s:25s]
                                             

  38% |█    | (3714/9691, 233 it/s) [18s:25s]
                                             

  38% |█    | (3728/9691, 233 it/s) [18s:25s]
                                             

  38% |█    | (3742/9691, 233 it/s) [19s:25s]
                                             

  38% |█    | (3761/9691, 233 it/s) [19s:25s]
                                             

  38% |█    | (3772/9691, 233 it/s) [19s:25s]
                                             

  39% |█    | (3795/9691, 233 it/s) [19s:25s]
                                             

  39% |█    | (3814/9691, 233 it/s) [19s:25s]
                                             

  39% |█    | (3824/9691, 235 it/s) [19s:24s]
                                             

  39% |█    | (3842/9691, 235 it/s) [19s:24s]
                                             

  39% |█    | (3864/9691, 235 it/s) [19s:24s]
                                             

  40% |██   | (3885/9691, 235 it/s) [19s:24s]
                                             

  40% |██   | (3900/9691, 235 it/s) [19s:24s]
                                             

  40% |██   | (3917/9691, 235 it/s) [19s:24s]
                                             

  40% |██   | (3941/9691, 236 it/s) [19s:24s]
                                             

  40% |██   | (3957/9691, 236 it/s) [19s:24s]
                                             

  41% |██   | (3975/9691, 236 it/s) [19s:24s]
                                             

  41% |██   | (3998/9691, 236 it/s) [20s:24s]
                                             

  41% |██   | (4013/9691, 236 it/s) [20s:24s]
                                             

  41% |██   | (4029/9691, 236 it/s) [20s:23s]
                                             

  41% |██   | (4049/9691, 236 it/s) [20s:23s]
                                             

  41% |██   | (4064/9691, 236 it/s) [20s:23s]
                                             

  42% |██   | (4079/9691, 237 it/s) [20s:23s]
                                             

  42% |██   | (4100/9691, 237 it/s) [20s:23s]
                                             

  42% |██   | (4123/9691, 237 it/s) [20s:23s]
                                             

  42% |██   | (4147/9691, 237 it/s) [20s:23s]
                                             

  42% |██   | (4159/9691, 237 it/s) [20s:23s]
                                             

  43% |██   | (4178/9691, 237 it/s) [20s:23s]
                                             

  43% |██   | (4198/9691, 237 it/s) [20s:23s]
                                             

  43% |██   | (4214/9691, 240 it/s) [20s:22s]
                                             

  43% |██   | (4230/9691, 240 it/s) [20s:22s]
                                             

  43% |██   | (4246/9691, 240 it/s) [21s:22s]
                                             

  43% |██   | (4262/9691, 240 it/s) [21s:22s]
                                             

  44% |██   | (4278/9691, 240 it/s) [21s:22s]
                                             

  44% |██   | (4301/9691, 240 it/s) [21s:22s]
                                             

  44% |██   | (4318/9691, 240 it/s) [21s:22s]
                                             

  44% |██   | (4331/9691, 241 it/s) [21s:22s]
                                             

  44% |██   | (4350/9691, 241 it/s) [21s:22s]
                                             

  45% |██   | (4373/9691, 241 it/s) [21s:22s]
                                             

  45% |██   | (4387/9691, 241 it/s) [21s:22s]
                                             

  45% |██   | (4399/9691, 241 it/s) [21s:21s]
                                             

  45% |██   | (4424/9691, 241 it/s) [21s:21s]
                                             

  45% |██   | (4442/9691, 241 it/s) [21s:21s]
                                             

  46% |██   | (4466/9691, 243 it/s) [21s:21s]
                                             

  46% |██   | (4489/9691, 243 it/s) [22s:21s]
                                             

  46% |██   | (4505/9691, 243 it/s) [22s:21s]
                                             

  46% |██   | (4519/9691, 243 it/s) [22s:21s]
                                             

  46% |██   | (4540/9691, 243 it/s) [22s:21s]
                                             

  47% |██   | (4559/9691, 240 it/s) [22s:21s]
                                             

  47% |██   | (4572/9691, 240 it/s) [22s:21s]
                                             

  47% |██   | (4593/9691, 240 it/s) [22s:21s]
                                             

  47% |██   | (4615/9691, 240 it/s) [22s:21s]
                                             

  47% |██   | (4634/9691, 240 it/s) [22s:21s]
                                             

  47% |██   | (4646/9691, 240 it/s) [22s:20s]
                                             

  48% |██   | (4665/9691, 240 it/s) [22s:20s]
                                             

  48% |██   | (4685/9691, 242 it/s) [22s:20s]
                                             

  48% |██   | (4700/9691, 242 it/s) [22s:20s]
                                             

  48% |██   | (4716/9691, 242 it/s) [23s:20s]
                                             

  48% |██   | (4738/9691, 242 it/s) [23s:20s]
                                             

  49% |██   | (4759/9691, 242 it/s) [23s:20s]
                                             

  49% |██   | (4770/9691, 242 it/s) [23s:20s]
                                             

  49% |██   | (4786/9691, 242 it/s) [23s:20s]
                                             

  49% |██   | (4805/9691, 242 it/s) [23s:20s]
                                             

  49% |██   | (4824/9691, 242 it/s) [23s:20s]
                                             

  49% |██   | (4845/9691, 242 it/s) [23s:20s]
                                             

  50% |██   | (4861/9691, 242 it/s) [23s:19s]
                                             

  50% |██   | (4880/9691, 242 it/s) [23s:19s]
                                             

  50% |██   | (4895/9691, 242 it/s) [23s:19s]
                                             

  50% |██   | (4912/9691, 242 it/s) [23s:19s]
                                             

  50% |██   | (4930/9691, 242 it/s) [23s:19s]
                                             

  51% |██   | (4951/9691, 242 it/s) [24s:19s]
                                             

  51% |██   | (4971/9691, 242 it/s) [24s:19s]
                                             

  51% |██   | (4984/9691, 242 it/s) [24s:19s]
                                             

  51% |██   | (5004/9691, 242 it/s) [24s:19s]
                                             

  51% |██   | (5020/9691, 242 it/s) [24s:19s]
                                             

  51% |██   | (5033/9691, 242 it/s) [24s:19s]
                                             

  52% |██   | (5054/9691, 242 it/s) [24s:19s]
                                             

  52% |██   | (5063/9691, 242 it/s) [24s:19s]
                                             

  52% |██   | (5083/9691, 242 it/s) [24s:19s]
                                             

  52% |██   | (5101/9691, 242 it/s) [24s:18s]
                                             

  52% |██   | (5113/9691, 242 it/s) [24s:18s]
                                             

  52% |██   | (5131/9691, 242 it/s) [24s:18s]
                                             

  53% |██   | (5154/9691, 242 it/s) [24s:18s]
                                             

  53% |██   | (5162/9691, 239 it/s) [24s:18s]
                                             

  53% |██   | (5181/9691, 239 it/s) [25s:18s]
                                             

  53% |██   | (5205/9691, 239 it/s) [25s:18s]
                                             

  53% |██   | (5212/9691, 239 it/s) [25s:18s]
                                             

  53% |██   | (5231/9691, 239 it/s) [25s:18s]
                                             

  54% |██   | (5256/9691, 239 it/s) [25s:18s]
                                             

  54% |██   | (5275/9691, 239 it/s) [25s:18s]
                                             

  54% |██   | (5287/9691, 236 it/s) [25s:18s]
                                             

  54% |██   | (5306/9691, 236 it/s) [25s:18s]
                                             

  54% |██   | (5328/9691, 236 it/s) [25s:18s]
                                             

  55% |██   | (5338/9691, 236 it/s) [25s:18s]
                                             

  55% |██   | (5354/9691, 236 it/s) [25s:18s]
                                             

  55% |██   | (5375/9691, 236 it/s) [25s:18s]
                                             

  55% |██   | (5393/9691, 236 it/s) [25s:18s]
                                             

  55% |██   | (5408/9691, 235 it/s) [26s:18s]
                                             

  55% |██   | (5424/9691, 235 it/s) [26s:18s]
                                             

  56% |██   | (5437/9691, 235 it/s) [26s:18s]
                                             

  56% |██   | (5458/9691, 235 it/s) [26s:18s]
                                             

  56% |██   | (5481/9691, 235 it/s) [26s:17s]
                                             

  56% |██   | (5500/9691, 235 it/s) [26s:17s]
                                             

  56% |██   | (5507/9691, 235 it/s) [26s:17s]
                                             

  57% |██   | (5529/9691, 234 it/s) [26s:17s]
                                             

  57% |██   | (5539/9691, 234 it/s) [26s:17s]
                                             

  57% |██   | (5556/9691, 234 it/s) [26s:17s]
                                             

  57% |██   | (5578/9691, 234 it/s) [26s:17s]
                                             

  57% |██   | (5586/9691, 234 it/s) [26s:17s]
                                             

  57% |██   | (5601/9691, 234 it/s) [26s:17s]
                                             

  57% |██   | (5618/9691, 234 it/s) [26s:17s]
                                             

  58% |██   | (5642/9691, 232 it/s) [27s:17s]
                                             

  58% |██   | (5658/9691, 232 it/s) [27s:17s]
                                             

  58% |██   | (5675/9691, 232 it/s) [27s:17s]
                                             

  58% |██   | (5695/9691, 232 it/s) [27s:17s]
                                             

  58% |██   | (5715/9691, 232 it/s) [27s:17s]
                                             

  59% |██   | (5728/9691, 232 it/s) [27s:17s]
                                             

  59% |██   | (5753/9691, 232 it/s) [27s:16s]
                                             

  59% |██   | (5770/9691, 234 it/s) [27s:16s]
                                             

  59% |██   | (5785/9691, 234 it/s) [27s:16s]
                                             

  59% |██   | (5803/9691, 234 it/s) [27s:16s]
                                             

  60% |███  | (5821/9691, 234 it/s) [27s:16s]
                                             

  60% |███  | (5837/9691, 234 it/s) [27s:16s]
                                             

  60% |███  | (5854/9691, 234 it/s) [27s:16s]
                                             

  60% |███  | (5872/9691, 234 it/s) [27s:16s]
                                             

  60% |███  | (5889/9691, 234 it/s) [28s:16s]
                                             

  60% |███  | (5906/9691, 234 it/s) [28s:16s]
                                             

  61% |███  | (5920/9691, 234 it/s) [28s:16s]
                                             

  61% |███  | (5942/9691, 234 it/s) [28s:16s]
                                             

  61% |███  | (5958/9691, 234 it/s) [28s:15s]
                                             

  61% |███  | (5979/9691, 234 it/s) [28s:15s]
                                             

  61% |███  | (5994/9691, 234 it/s) [28s:15s]
                                             

  61% |███  | (6008/9691, 234 it/s) [28s:15s]
                                             

  62% |███  | (6029/9691, 234 it/s) [28s:15s]
                                             

  62% |███  | (6052/9691, 234 it/s) [28s:15s]
                                             

  62% |███  | (6064/9691, 234 it/s) [28s:15s]
                                             

  62% |███  | (6080/9691, 234 it/s) [28s:15s]
                                             

  62% |███  | (6100/9691, 234 it/s) [28s:15s]
                                             

  63% |███  | (6118/9691, 234 it/s) [28s:15s]
                                             

  63% |███  | (6134/9691, 236 it/s) [29s:15s]
                                             

  63% |███  | (6154/9691, 236 it/s) [29s:15s]
                                             

  63% |███  | (6169/9691, 236 it/s) [29s:14s]
                                             

  63% |███  | (6187/9691, 236 it/s) [29s:14s]
                                             

  64% |███  | (6205/9691, 236 it/s) [29s:14s]
                                             

  64% |███  | (6227/9691, 236 it/s) [29s:14s]
                                             

  64% |███  | (6248/9691, 236 it/s) [29s:14s]
                                             

  64% |███  | (6262/9691, 236 it/s) [29s:14s]
                                             

  64% |███  | (6279/9691, 236 it/s) [29s:14s]
                                             

  65% |███  | (6302/9691, 236 it/s) [29s:14s]
                                             

  65% |███  | (6318/9691, 236 it/s) [29s:14s]
                                             

  65% |███  | (6334/9691, 236 it/s) [29s:14s]
                                             

  65% |███  | (6352/9691, 236 it/s) [29s:14s]
                                             

  65% |███  | (6373/9691, 236 it/s) [29s:14s]
                                             

  65% |███  | (6391/9691, 242 it/s) [30s:13s]
                                             

  66% |███  | (6412/9691, 242 it/s) [30s:13s]
                                             

  66% |███  | (6430/9691, 242 it/s) [30s:13s]
                                             

  66% |███  | (6454/9691, 242 it/s) [30s:13s]
                                             

  66% |███  | (6471/9691, 242 it/s) [30s:13s]
                                             

  66% |███  | (6486/9691, 242 it/s) [30s:13s]
                                             

  67% |███  | (6508/9691, 242 it/s) [30s:13s]
                                             

  67% |███  | (6522/9691, 242 it/s) [30s:13s]
                                             

  67% |███  | (6542/9691, 242 it/s) [30s:12s]
                                             

  67% |███  | (6562/9691, 242 it/s) [30s:12s]
                                             

  67% |███  | (6582/9691, 242 it/s) [30s:12s]
                                             

  68% |███  | (6599/9691, 242 it/s) [30s:12s]
                                             

  68% |███  | (6614/9691, 242 it/s) [30s:12s]
                                             

  68% |███  | (6635/9691, 242 it/s) [31s:12s]
                                             

  68% |███  | (6656/9691, 244 it/s) [31s:12s]
                                             

  68% |███  | (6674/9691, 244 it/s) [31s:12s]
                                             

  69% |███  | (6695/9691, 244 it/s) [31s:12s]
                                             

  69% |███  | (6710/9691, 244 it/s) [31s:12s]
                                             

  69% |███  | (6724/9691, 244 it/s) [31s:12s]
                                             

  69% |███  | (6740/9691, 244 it/s) [31s:12s]
                                             

  69% |███  | (6760/9691, 244 it/s) [31s:12s]
                                             

  69% |███  | (6777/9691, 247 it/s) [31s:11s]
                                             

  70% |███  | (6790/9691, 247 it/s) [31s:11s]
                                             

  70% |███  | (6808/9691, 247 it/s) [31s:11s]
                                             

  70% |███  | (6815/9691, 247 it/s) [31s:11s]
                                             

  70% |███  | (6834/9691, 247 it/s) [31s:11s]
                                             

  70% |███  | (6850/9691, 247 it/s) [32s:11s]
                                             

  70% |███  | (6861/9691, 242 it/s) [32s:11s]
                                             

  71% |███  | (6881/9691, 242 it/s) [32s:11s]
                                             

  71% |███  | (6900/9691, 242 it/s) [32s:11s]
                                             

  71% |███  | (6922/9691, 242 it/s) [32s:11s]
                                             

  71% |███  | (6934/9691, 242 it/s) [32s:11s]
                                             

  71% |███  | (6939/9691, 242 it/s) [32s:11s]
                                             

  71% |███  | (6964/9691, 242 it/s) [32s:11s]
                                             

  72% |███  | (6980/9691, 242 it/s) [32s:11s]
                                             

  72% |███  | (6996/9691, 242 it/s) [32s:11s]
                                             

  72% |███  | (7019/9691, 242 it/s) [32s:11s]
                                             

  72% |███  | (7036/9691, 242 it/s) [32s:10s]
                                             

  72% |███  | (7051/9691, 242 it/s) [32s:10s]
                                             

  72% |███  | (7069/9691, 242 it/s) [32s:10s]
                                             

  73% |███  | (7090/9691, 242 it/s) [33s:10s]
                                             

  73% |███  | (7106/9691, 242 it/s) [33s:10s]
                                             

  73% |███  | (7118/9691, 242 it/s) [33s:10s]
                                             

  73% |███  | (7139/9691, 242 it/s) [33s:10s]
                                             

  73% |███  | (7155/9691, 242 it/s) [33s:10s]
                                             

  74% |███  | (7174/9691, 242 it/s) [33s:10s]
                                             

  74% |███  | (7195/9691, 242 it/s) [33s:10s]
                                             

  74% |███  | (7217/9691, 242 it/s) [33s:10s]
                                             

  74% |███  | (7230/9691, 243 it/s) [33s:10s]
                                             

  74% |███  | (7252/9691, 243 it/s) [33s:10s]
                                             

  75% |███  | (7272/9691, 243 it/s) [33s:9s]
                                             

  75% |███  | (7280/9691, 243 it/s) [33s:9s]
                                             

  75% |███  | (7300/9691, 243 it/s) [33s:9s]
                                             

  75% |███  | (7320/9691, 243 it/s) [33s:9s]
                                             

  75% |███  | (7330/9691, 243 it/s) [34s:9s]
                                             

  75% |███  | (7351/9691, 241 it/s) [34s:9s]
                                             

  76% |███  | (7368/9691, 241 it/s) [34s:9s]
                                             

  76% |███  | (7387/9691, 241 it/s) [34s:9s]
                                             

  76% |███  | (7408/9691, 241 it/s) [34s:9s]
                                             

  76% |███  | (7428/9691, 241 it/s) [34s:9s]
                                             

  76% |███  | (7443/9691, 241 it/s) [34s:9s]
                                             

  76% |███  | (7458/9691, 241 it/s) [34s:9s]
                                             

  77% |███  | (7479/9691, 241 it/s) [34s:9s]
                                             

  77% |███  | (7499/9691, 241 it/s) [34s:9s]
                                             

  77% |███  | (7514/9691, 241 it/s) [34s:9s]
                                             

  77% |███  | (7532/9691, 241 it/s) [34s:8s]
                                             

  77% |███  | (7546/9691, 241 it/s) [34s:8s]
                                             

  78% |███  | (7564/9691, 241 it/s) [34s:8s]
                                             

  78% |███  | (7576/9691, 241 it/s) [35s:8s]
                                             

  78% |███  | (7594/9691, 241 it/s) [35s:8s]
                                             

  78% |███  | (7615/9691, 238 it/s) [35s:8s]
                                             

  78% |███  | (7628/9691, 238 it/s) [35s:8s]
                                             

  78% |███  | (7647/9691, 238 it/s) [35s:8s]
                                             

  79% |███  | (7671/9691, 238 it/s) [35s:8s]
                                             

  79% |███  | (7683/9691, 238 it/s) [35s:8s]
                                             

  79% |███  | (7699/9691, 238 it/s) [35s:8s]
                                             

  79% |███  | (7723/9691, 238 it/s) [35s:8s]
                                             

  79% |███  | (7734/9691, 238 it/s) [35s:8s]
                                             

  79% |███  | (7751/9691, 238 it/s) [35s:8s]
                                             

  80% |████ | (7770/9691, 238 it/s) [35s:8s]
                                             

  80% |████ | (7786/9691, 238 it/s) [35s:8s]
                                             

  80% |████ | (7807/9691, 238 it/s) [35s:7s]
                                             

  80% |████ | (7824/9691, 238 it/s) [36s:7s]
                                             

  80% |████ | (7843/9691, 238 it/s) [36s:7s]
                                             

  81% |████ | (7860/9691, 238 it/s) [36s:7s]
                                             

  81% |████ | (7877/9691, 238 it/s) [36s:7s]
                                             

  81% |████ | (7896/9691, 238 it/s) [36s:7s]
                                             

  81% |████ | (7910/9691, 238 it/s) [36s:7s]
                                             

  81% |████ | (7932/9691, 238 it/s) [36s:7s]
                                             

  82% |████ | (7947/9691, 238 it/s) [36s:7s]
                                             

  82% |████ | (7963/9691, 238 it/s) [36s:7s]
                                             

  82% |████ | (7984/9691, 235 it/s) [36s:7s]
                                             

  82% |████ | (7997/9691, 235 it/s) [36s:7s]
                                             

  82% |████ | (8013/9691, 235 it/s) [36s:7s]
                                             

  82% |████ | (8033/9691, 235 it/s) [36s:7s]
                                             

  83% |████ | (8053/9691, 235 it/s) [36s:6s]
                                             

  83% |████ | (8069/9691, 235 it/s) [37s:6s]
                                             

  83% |████ | (8083/9691, 235 it/s) [37s:6s]
                                             

  83% |████ | (8105/9691, 244 it/s) [37s:6s]
                                             

  83% |████ | (8121/9691, 244 it/s) [37s:6s]
                                             

  83% |████ | (8133/9691, 244 it/s) [37s:6s]
                                             

  84% |████ | (8151/9691, 244 it/s) [37s:6s]
                                             

  84% |████ | (8169/9691, 244 it/s) [37s:6s]
                                             

  84% |████ | (8182/9691, 244 it/s) [37s:6s]
                                             

  84% |████ | (8206/9691, 244 it/s) [37s:6s]
                                             

  84% |████ | (8226/9691, 243 it/s) [37s:6s]
                                             

  85% |████ | (8244/9691, 243 it/s) [37s:5s]
                                             

  85% |████ | (8268/9691, 243 it/s) [37s:5s]
                                             

  85% |████ | (8288/9691, 243 it/s) [37s:5s]
                                             

  85% |████ | (8304/9691, 243 it/s) [37s:5s]
                                             

  85% |████ | (8321/9691, 243 it/s) [38s:5s]
                                             

  86% |████ | (8341/9691, 243 it/s) [38s:5s]
                                             

  86% |████ | (8359/9691, 243 it/s) [38s:5s]
                                             

  86% |████ | (8381/9691, 245 it/s) [38s:5s]
                                             

  86% |████ | (8403/9691, 245 it/s) [38s:5s]
                                             

  86% |████ | (8409/9691, 245 it/s) [38s:5s]
                                             

  86% |████ | (8430/9691, 245 it/s) [38s:5s]
                                             

  87% |████ | (8445/9691, 245 it/s) [38s:5s]
                                             

  87% |████ | (8460/9691, 245 it/s) [38s:5s]
                                             

  87% |████ | (8480/9691, 245 it/s) [38s:4s]
                                             

  87% |████ | (8501/9691, 245 it/s) [38s:4s]
                                             

  87% |████ | (8509/9691, 245 it/s) [38s:4s]
                                             

  88% |████ | (8530/9691, 245 it/s) [38s:4s]
                                             

  88% |████ | (8545/9691, 245 it/s) [38s:4s]
                                             

  88% |████ | (8560/9691, 245 it/s) [39s:4s]
                                             

  88% |████ | (8583/9691, 245 it/s) [39s:4s]
                                             

  88% |████ | (8598/9691, 244 it/s) [39s:4s]
                                             

  88% |████ | (8613/9691, 244 it/s) [39s:4s]
                                             

  89% |████ | (8630/9691, 244 it/s) [39s:4s]
                                             

  89% |████ | (8641/9691, 244 it/s) [39s:4s]
                                             

  89% |████ | (8659/9691, 244 it/s) [39s:4s]
                                             

  89% |████ | (8674/9691, 244 it/s) [39s:4s]
                                             

  89% |████ | (8692/9691, 244 it/s) [39s:4s]
                                             

  89% |████ | (8711/9691, 240 it/s) [39s:4s]
                                             

  90% |████ | (8725/9691, 240 it/s) [39s:4s]
                                             

  90% |████ | (8742/9691, 240 it/s) [39s:3s]
                                             

  90% |████ | (8761/9691, 240 it/s) [39s:3s]
                                             

  90% |████ | (8777/9691, 240 it/s) [40s:3s]
                                             

  90% |████ | (8794/9691, 240 it/s) [40s:3s]
                                             

  90% |████ | (8812/9691, 238 it/s) [40s:3s]
                                             

  91% |████ | (8836/9691, 238 it/s) [40s:3s]
                                             

  91% |████ | (8844/9691, 238 it/s) [40s:3s]
                                             

  91% |████ | (8862/9691, 238 it/s) [40s:3s]
                                             

  91% |████ | (8875/9691, 238 it/s) [40s:3s]
                                             

  91% |████ | (8891/9691, 238 it/s) [40s:3s]
                                             

  91% |████ | (8900/9691, 238 it/s) [40s:3s]
                                             

  91% |████ | (8911/9691, 229 it/s) [40s:3s]
                                             

  92% |████ | (8931/9691, 229 it/s) [40s:3s]
                                             

  92% |████ | (8950/9691, 229 it/s) [41s:3s]
                                             

  92% |████ | (8975/9691, 229 it/s) [41s:3s]
                                             

  92% |████ | (8988/9691, 229 it/s) [41s:3s]
                                             

  92% |████ | (8991/9691, 229 it/s) [41s:3s]
                                             

  92% |████ | (9000/9691, 216 it/s) [41s:3s]
                                             

  93% |████ | (9025/9691, 216 it/s) [41s:3s]
                                             

  93% |████ | (9033/9691, 216 it/s) [41s:3s]
                                             

  93% |████ | (9055/9691, 216 it/s) [41s:2s]
                                             

  93% |████ | (9076/9691, 216 it/s) [41s:2s]
                                             

  93% |████ | (9100/9691, 216 it/s) [42s:2s]
                                             

  93% |████ | (9106/9691, 216 it/s) [42s:2s]
                                             

  94% |████ | (9126/9691, 217 it/s) [42s:2s]
                                             

  94% |████ | (9150/9691, 217 it/s) [42s:2s]
                                             

  94% |████ | (9162/9691, 217 it/s) [42s:2s]
                                             

  94% |████ | (9178/9691, 217 it/s) [42s:2s]
                                             

  94% |████ | (9200/9691, 217 it/s) [42s:2s]
                                             

  95% |████ | (9216/9691, 217 it/s) [42s:2s]
                                             

  95% |████ | (9231/9691, 217 it/s) [42s:2s]
                                             

  95% |████ | (9252/9691, 215 it/s) [42s:2s]
                                             

  95% |████ | (9276/9691, 215 it/s) [42s:1s]
                                             

  95% |████ | (9285/9691, 215 it/s) [42s:1s]
                                             

  96% |████ | (9305/9691, 215 it/s) [42s:1s]
                                             

  96% |████ | (9327/9691, 215 it/s) [42s:1s]
                                             

  96% |████ | (9340/9691, 215 it/s) [43s:1s]
                                             

  96% |████ | (9358/9691, 215 it/s) [43s:1s]
                                             

  96% |████ | (9377/9691, 215 it/s) [43s:1s]
                                             

  96% |████ | (9389/9691, 215 it/s) [43s:1s]
                                             

  97% |████ | (9405/9691, 215 it/s) [43s:1s]
                                             

  97% |████ | (9427/9691, 215 it/s) [43s:1s]
                                             

  97% |████ | (9443/9691, 215 it/s) [43s:1s]
                                             

  97% |████ | (9459/9691, 215 it/s) [43s:1s]
                                             

  97% |████ | (9480/9691, 210 it/s) [43s:1s]
                                             

  98% |████ | (9498/9691, 210 it/s) [43s:0s]
                                             

  98% |████ | (9511/9691, 210 it/s) [43s:0s]
                                             

  98% |████ | (9527/9691, 210 it/s) [43s:0s]
                                             

  98% |████ | (9543/9691, 210 it/s) [43s:0s]
                                             

  98% |████ | (9560/9691, 210 it/s) [44s:0s]
                                             

  98% |████ | (9579/9691, 210 it/s) [44s:0s]
                                             

  99% |████ | (9596/9691, 209 it/s) [44s:0s]
                                             

  99% |████ | (9614/9691, 209 it/s) [44s:0s]
                                             

  99% |████ | (9633/9691, 209 it/s) [44s:0s]
                                             

  99% |████ | (9652/9691, 209 it/s) [44s:0s]
                                             

  99% |████ | (9664/9691, 209 it/s) [44s:0s]
                                             

  99% |████ | (9685/9691, 209 it/s) [44s:0s]
                                             

 100% |█████| (9691/9691, 218 it/s)

                                             

                                             

                                             

                                             

                                             

                                             

                                             

                                             

                                             

                                             

                                             

                                             

                                             
[90m
9:06AM[0m [32mINF[0m finished quick scan [36mroutes=[0m87 [36mtargets=[0m1



  23% |█    | (26/109, 294 it/s) [0s:0s]
                                        

  31% |█    | (34/109, 197 it/s) [0s:0s]
                                        

  54% |██   | (59/109, 210 it/s) [0s:0s]
                                        

  74% |███  | (81/109, 225 it/s) [0s:0s]
                                        

  91% |████ | (100/109, 235 it/s) [0s:0s]
                                         

 100% |█████| (109/109, 225 it/s)

                                         

                                         

                                         

                                         

                                         

                                         

                                         

                                         

                                         

                                         

                                         

                                         
[90m
9:06AM[0m [32mINF[0m scan complete [36mduration=[0m45562.830799 [36mresults=[0m3
