
 ██╗    ██╗ █████╗ ██████╗ ██╗████████╗██╗██████╗
 ██║    ██║██╔══██╗██╔══██╗██║╚══██╔══╝██║╚════██╗
 ██║ █╗ ██║███████║██████╔╝██║   ██║   ██║ █████╔╝
 ██║███╗██║██╔══██║██╔═══╝ ██║   ██║   ██║ ╚═══██╗
 ╚███╔███╔╝██║  ██║██║     ██║   ██║   ██║██████╔╝
  ╚══╝╚══╝ ╚═╝  ╚═╝╚═╝     ╚═╝   ╚═╝   ╚═╝╚═════╝  
Wapiti 3.3.2 (wapiti-scanner.github.io)
[*] 0 URLs and forms having more than 50 parameters were removed.
[*] Wapiti found 23 URLs and forms during the scan

[*] Launching module file
[*] 23 pages were previously attacked and will be skipped

[*] Launching module xss
[*] 23 pages were previously attacked and will be skipped

[*] Launching module redirect
[*] 23 pages were previously attacked and will be skipped

[*] Launching module exec
[*] 23 pages were previously attacked and will be skipped

[*] Launching module upload
[*] 23 pages were previously attacked and will be skipped

[*] Launching module ssrf
[*] 23 pages were previously attacked and will be skipped
[*] Asking endpoint URL https://wapiti3.ovh/get_ssrf.php?session_id=rbd6bp for results, please wait...

[*] Launching module ssl
[*] 23 pages were previously attacked and will be skipped

[*] Launching module sql
[*] 23 pages were previously attacked and will be skipped

[*] Launching module permanentxss
[*] 23 pages were previously attacked and will be skipped

[*] Generating report...
A report has been generated in the file /home/kali/.wapiti/generated_report
Open /home/kali/.wapiti/generated_report/warrantyindia.com_09182026_1306.html with a browser to see this report.
