- Nikto v2.6.0
---------------------------------------------------------------------------
+ Target IP:          101.53.149.53
+ Target Hostname:    warrantyindia.com
+ Target Port:        443
---------------------------------------------------------------------------
+ SSL Info:           Subject:  /CN=warrantyindia.com
                      CN:       warrantyindia.com
                      SAN:      *.warrantyindia.com, warrantyindia.com
                      Ciphers:  TLS_AES_256_GCM_SHA384
                      Issuer:   /C=US/O=Let's Encrypt/CN=YR2
+ Platform:           Unknown
+ Start Time:         2026-09-18 10:49:00 (GMT-4)
---------------------------------------------------------------------------
+ Server: Apache
+ Multiple IPs found: 101.53.149.53, 64:ff9b::6535:9535
+ No CGI Directories found (use '-C all' to force check all possible dirs). CGI tests skipped.
+ [740000] Multiple index files found (all unique): /index.php, /index.html.
+ [013587] /: Suggested security header missing: x-content-type-options. See: https://developer.mozilla.org/en-US/docs/Web/HTTP/Headers/X-Content-Type-Options
+ [013587] /: Suggested security header missing: strict-transport-security. See: https://developer.mozilla.org/en-US/docs/Web/HTTP/Headers/Strict-Transport-Security
+ [013587] /: Suggested security header missing: permissions-policy. See: https://developer.mozilla.org/en-US/docs/Web/HTTP/Headers/Permissions-Policy
+ [013587] /: Suggested security header missing: referrer-policy. See: https://developer.mozilla.org/en-US/docs/Web/HTTP/Headers/Referrer-Policy
+ [013587] /: Suggested security header missing: content-security-policy. See: https://developer.mozilla.org/en-US/docs/Web/HTTP/CSP
+ [999967] /: Web Server returns a valid response with junk HTTP methods which may cause false positives.
+ [999961] /admin/: Cookie PHPSESSID created without the secure flag. See: https://developer.mozilla.org/en-US/docs/Web/HTTP/Cookies
+ [95] /admin/: Cookie PHPSESSID created without the httponly flag. See: https://developer.mozilla.org/en-US/docs/Web/HTTP/Cookies
+ 916 requests: 0 errors and 9 items reported on the remote host
+ End Time:           2026-09-18 10:51:15 (GMT-4) (135 seconds)
---------------------------------------------------------------------------
+ 1 host(s) tested
