https://warrantyindia.com/
https://warrantyindia.com/chat-bot.php
https://warrantyindia.com/img/EW-Logo
https://warrantyindia.com/js/main.js
https://warrantyindia.com/js2/script.js
https://warrantyindia.com/plugins/shuffle/shuffle.min.js
https://warrantyindia.com/plugins/google-map/map.js
https://warrantyindia.com/plugins/slick/slick-animation.min.js
https://warrantyindia.com/plugins/slick/slick.min.js
https://warrantyindia.com/plugins/colorbox/jquery.colorbox.js
https://warrantyindia.com/lib/counterup/counterup.min.js
https://warrantyindia.com/lib/easing/easing.min.js
https://warrantyindia.com/
https://warrantyindia.com/chat-bot.php
https://warrantyindia.com/lib/waypoints/waypoints.min.js
https://warrantyindia.com/lib/owlcarousel/owl.carousel.min.js
https://warrantyindia.com/lib/wow/wow.min.js
https://warrantyindia.com/plugins/colorbox/colorbox.css
https://warrantyindia.com/plugins/slick/slick-animation.js
https://warrantyindia.com/plugins/slick/slick-theme.css
https://warrantyindia.com/plugins/slick/slick.css
https://warrantyindia.com/css/newstyle.css
https://warrantyindia.com/index.css
https://warrantyindia.com/css/style.css
https://warrantyindia.com/plugins/animate-css/animate.css
https://warrantyindia.com/lib/wow/wow.js
https://warrantyindia.com/lib/wow/WOW.js
https://warrantyindia.com/lib/owlcarousel/assets/owl.carousel.min.css
https://warrantyindia.com/lib/animate/animate.min.css
https://warrantyindia.com/privacy-policy.html
https://warrantyindia.com/plugins/bootstrap/bootstrap.min.css
https://warrantyindia.com/terms-and-conditions.html
https://warrantyindia.com/css/bootstrap.min.css
https://warrantyindia.com/services.html
https://warrantyindia.com/partnerwithuse.html
https://warrantyindia.com/contact.html
https://warrantyindia.com/index.html
https://warrantyindia.com/about.html
https://warrantyindia.com/about2.css
https://warrantyindia.com/about.js
https://warrantyindia.com/newstyle.css
https://warrantyindia.com/about.css
https://warrantyindia.com/about.html
https://warrantyindia.com/partnerwithuse.html
https://warrantyindia.com/2W.css
https://warrantyindia.com/services.html
https://warrantyindia.com/contact.html
https://warrantyindia.com/insure-1.0.0/css/2W.css
https://warrantyindia.com/terms-and-conditions.html
https://warrantyindia.com/contact.css
https://warrantyindia.com/privacy-policy.html
https://warrantyindia.com/index.html
